Archive member included to satisfy reference by file (symbol)

D:/ST/STM32CubeIDE_1.13.2/STM32CubeIDE/plugins/com.st.stm32cube.ide.mcu.externaltools.gnu-tools-for-stm32.12.3.rel1.win32_1.0.100.202403111256/tools/bin/../lib/gcc/arm-none-eabi/12.3.1/../../../../arm-none-eabi/lib/thumb/v7e-m+fp/hard\libc_nano.a(libc_a-exit.o)
                              D:/ST/STM32CubeIDE_1.13.2/STM32CubeIDE/plugins/com.st.stm32cube.ide.mcu.externaltools.gnu-tools-for-stm32.12.3.rel1.win32_1.0.100.202403111256/tools/bin/../lib/gcc/arm-none-eabi/12.3.1/../../../../arm-none-eabi/lib/thumb/v7e-m+fp/hard/crt0.o (exit)
D:/ST/STM32CubeIDE_1.13.2/STM32CubeIDE/plugins/com.st.stm32cube.ide.mcu.externaltools.gnu-tools-for-stm32.12.3.rel1.win32_1.0.100.202403111256/tools/bin/../lib/gcc/arm-none-eabi/12.3.1/../../../../arm-none-eabi/lib/thumb/v7e-m+fp/hard\libc_nano.a(libc_a-findfp.o)
                              D:/ST/STM32CubeIDE_1.13.2/STM32CubeIDE/plugins/com.st.stm32cube.ide.mcu.externaltools.gnu-tools-for-stm32.12.3.rel1.win32_1.0.100.202403111256/tools/bin/../lib/gcc/arm-none-eabi/12.3.1/../../../../arm-none-eabi/lib/thumb/v7e-m+fp/hard\libc_nano.a(libc_a-exit.o) (__stdio_exit_handler)
D:/ST/STM32CubeIDE_1.13.2/STM32CubeIDE/plugins/com.st.stm32cube.ide.mcu.externaltools.gnu-tools-for-stm32.12.3.rel1.win32_1.0.100.202403111256/tools/bin/../lib/gcc/arm-none-eabi/12.3.1/../../../../arm-none-eabi/lib/thumb/v7e-m+fp/hard\libc_nano.a(libc_a-fwalk.o)
                              D:/ST/STM32CubeIDE_1.13.2/STM32CubeIDE/plugins/com.st.stm32cube.ide.mcu.externaltools.gnu-tools-for-stm32.12.3.rel1.win32_1.0.100.202403111256/tools/bin/../lib/gcc/arm-none-eabi/12.3.1/../../../../arm-none-eabi/lib/thumb/v7e-m+fp/hard\libc_nano.a(libc_a-findfp.o) (_fwalk_sglue)
D:/ST/STM32CubeIDE_1.13.2/STM32CubeIDE/plugins/com.st.stm32cube.ide.mcu.externaltools.gnu-tools-for-stm32.12.3.rel1.win32_1.0.100.202403111256/tools/bin/../lib/gcc/arm-none-eabi/12.3.1/../../../../arm-none-eabi/lib/thumb/v7e-m+fp/hard\libc_nano.a(libc_a-stdio.o)
                              D:/ST/STM32CubeIDE_1.13.2/STM32CubeIDE/plugins/com.st.stm32cube.ide.mcu.externaltools.gnu-tools-for-stm32.12.3.rel1.win32_1.0.100.202403111256/tools/bin/../lib/gcc/arm-none-eabi/12.3.1/../../../../arm-none-eabi/lib/thumb/v7e-m+fp/hard\libc_nano.a(libc_a-findfp.o) (__sread)
D:/ST/STM32CubeIDE_1.13.2/STM32CubeIDE/plugins/com.st.stm32cube.ide.mcu.externaltools.gnu-tools-for-stm32.12.3.rel1.win32_1.0.100.202403111256/tools/bin/../lib/gcc/arm-none-eabi/12.3.1/../../../../arm-none-eabi/lib/thumb/v7e-m+fp/hard\libc_nano.a(libc_a-vsprintf.o)
                              ./Drivers/Console/Console.o (vsprintf)
D:/ST/STM32CubeIDE_1.13.2/STM32CubeIDE/plugins/com.st.stm32cube.ide.mcu.externaltools.gnu-tools-for-stm32.12.3.rel1.win32_1.0.100.202403111256/tools/bin/../lib/gcc/arm-none-eabi/12.3.1/../../../../arm-none-eabi/lib/thumb/v7e-m+fp/hard\libc_nano.a(libc_a-vsscanf.o)
                              ./Drivers/Console/Console.o (vsscanf)
D:/ST/STM32CubeIDE_1.13.2/STM32CubeIDE/plugins/com.st.stm32cube.ide.mcu.externaltools.gnu-tools-for-stm32.12.3.rel1.win32_1.0.100.202403111256/tools/bin/../lib/gcc/arm-none-eabi/12.3.1/../../../../arm-none-eabi/lib/thumb/v7e-m+fp/hard\libc_nano.a(libc_a-memset.o)
                              D:/ST/STM32CubeIDE_1.13.2/STM32CubeIDE/plugins/com.st.stm32cube.ide.mcu.externaltools.gnu-tools-for-stm32.12.3.rel1.win32_1.0.100.202403111256/tools/bin/../lib/gcc/arm-none-eabi/12.3.1/../../../../arm-none-eabi/lib/thumb/v7e-m+fp/hard/crt0.o (memset)
D:/ST/STM32CubeIDE_1.13.2/STM32CubeIDE/plugins/com.st.stm32cube.ide.mcu.externaltools.gnu-tools-for-stm32.12.3.rel1.win32_1.0.100.202403111256/tools/bin/../lib/gcc/arm-none-eabi/12.3.1/../../../../arm-none-eabi/lib/thumb/v7e-m+fp/hard\libc_nano.a(libc_a-closer.o)
                              D:/ST/STM32CubeIDE_1.13.2/STM32CubeIDE/plugins/com.st.stm32cube.ide.mcu.externaltools.gnu-tools-for-stm32.12.3.rel1.win32_1.0.100.202403111256/tools/bin/../lib/gcc/arm-none-eabi/12.3.1/../../../../arm-none-eabi/lib/thumb/v7e-m+fp/hard\libc_nano.a(libc_a-stdio.o) (_close_r)
D:/ST/STM32CubeIDE_1.13.2/STM32CubeIDE/plugins/com.st.stm32cube.ide.mcu.externaltools.gnu-tools-for-stm32.12.3.rel1.win32_1.0.100.202403111256/tools/bin/../lib/gcc/arm-none-eabi/12.3.1/../../../../arm-none-eabi/lib/thumb/v7e-m+fp/hard\libc_nano.a(libc_a-reent.o)
                              D:/ST/STM32CubeIDE_1.13.2/STM32CubeIDE/plugins/com.st.stm32cube.ide.mcu.externaltools.gnu-tools-for-stm32.12.3.rel1.win32_1.0.100.202403111256/tools/bin/../lib/gcc/arm-none-eabi/12.3.1/../../../../arm-none-eabi/lib/thumb/v7e-m+fp/hard\libc_nano.a(libc_a-closer.o) (errno)
D:/ST/STM32CubeIDE_1.13.2/STM32CubeIDE/plugins/com.st.stm32cube.ide.mcu.externaltools.gnu-tools-for-stm32.12.3.rel1.win32_1.0.100.202403111256/tools/bin/../lib/gcc/arm-none-eabi/12.3.1/../../../../arm-none-eabi/lib/thumb/v7e-m+fp/hard\libc_nano.a(libc_a-impure.o)
[...]
Memory Configuration

Name             Origin             Length             Attributes
CCMRAM           0x10000000         0x00010000         xrw
RAM              0x20000000         0x00020000         xrw
FLASH            0x08000000         0x00100000         xr
*default*        0x00000000         0xffffffff

Linker script and memory map

LOAD D:/ST/STM32CubeIDE_1.13.2/STM32CubeIDE/plugins/com.st.stm32cube.ide.mcu.externaltools.gnu-tools-for-stm32.12.3.rel1.win32_1.0.100.202403111256/tools/bin/../lib/gcc/arm-none-eabi/12.3.1/thumb/v7e-m+fp/hard/crti.o
LOAD D:/ST/STM32CubeIDE_1.13.2/STM32CubeIDE/plugins/com.st.stm32cube.ide.mcu.externaltools.gnu-tools-for-stm32.12.3.rel1.win32_1.0.100.202403111256/tools/bin/../lib/gcc/arm-none-eabi/12.3.1/thumb/v7e-m+fp/hard/crtbegin.o
LOAD D:/ST/STM32CubeIDE_1.13.2/STM32CubeIDE/plugins/com.st.stm32cube.ide.mcu.externaltools.gnu-tools-for-stm32.12.3.rel1.win32_1.0.100.202403111256/tools/bin/../lib/gcc/arm-none-eabi/12.3.1/../../../../arm-none-eabi/lib/thumb/v7e-m+fp/hard/crt0.o
LOAD ./Drivers/ADC/ADC.o
LOAD ./Drivers/Console/Console.o
LOAD ./Drivers/DMA/DMA.o
LOAD ./Drivers/GPIO/GPIO.o
LOAD ./Drivers/RTC/RTC.o
LOAD ./Drivers/USART/USART.o
LOAD ./Joystick/Joystick_Driver/Joystick_Device_Driver.o
LOAD ./Joystick/Joystick_HAL/Joystick_HAL.o
LOAD ./Joystick/Joystick_Middleware/Joystick_Middleware.o
LOAD ./Src/BSP.o
LOAD ./Src/main.o
LOAD ./Src/syscalls.o
LOAD ./Src/sysmem.o
LOAD ./Src/system_stm32f4xx.o
LOAD ./Startup/startup_stm32f407vgtx.o
LOAD ./Temp/Temp_Driver/Temp_Driver.o
START GROUP
LOAD D:/ST/STM32CubeIDE_1.13.2/STM32CubeIDE/plugins/com.st.stm32cube.ide.mcu.externaltools.gnu-tools-for-stm32.12.3.rel1.win32_1.0.100.202403111256/tools/bin/../lib/gcc/arm-none-eabi/12.3.1/../../../../arm-none-eabi/lib/thumb/v7e-m+fp/hard\libc_nano.a
LOAD D:/ST/STM32CubeIDE_1.13.2/STM32CubeIDE/plugins/com.st.stm32cube.ide.mcu.externaltools.gnu-tools-for-stm32.12.3.rel1.win32_1.0.100.202403111256/tools/bin/../lib/gcc/arm-none-eabi/12.3.1/../../../../arm-none-eabi/lib/thumb/v7e-m+fp/hard\libm.a
END GROUP
START GROUP
LOAD D:/ST/STM32CubeIDE_1.13.2/STM32CubeIDE/plugins/com.st.stm32cube.ide.mcu.externaltools.gnu-tools-for-stm32.12.3.rel1.win32_1.0.100.202403111256/tools/bin/../lib/gcc/arm-none-eabi/12.3.1/thumb/v7e-m+fp/hard\libgcc.a
LOAD D:/ST/STM32CubeIDE_1.13.2/STM32CubeIDE/plugins/com.st.stm32cube.ide.mcu.externaltools.gnu-tools-for-stm32.12.3.rel1.win32_1.0.100.202403111256/tools/bin/../lib/gcc/arm-none-eabi/12.3.1/../../../../arm-none-eabi/lib/thumb/v7e-m+fp/hard\libc_nano.a
END GROUP
START GROUP
LOAD D:/ST/STM32CubeIDE_1.13.2/STM32CubeIDE/plugins/com.st.stm32cube.ide.mcu.externaltools.gnu-tools-for-stm32.12.3.rel1.win32_1.0.100.202403111256/tools/bin/../lib/gcc/arm-none-eabi/12.3.1/thumb/v7e-m+fp/hard\libgcc.a
LOAD D:/ST/STM32CubeIDE_1.13.2/STM32CubeIDE/plugins/com.st.stm32cube.ide.mcu.externaltools.gnu-tools-for-stm32.12.3.rel1.win32_1.0.100.202403111256/tools/bin/../lib/gcc/arm-none-eabi/12.3.1/../../../../arm-none-eabi/lib/thumb/v7e-m+fp/hard\libc_nano.a
LOAD D:/ST/STM32CubeIDE_1.13.2/STM32CubeIDE/plugins/com.st.stm32cube.ide.mcu.externaltools.gnu-tools-for-stm32.12.3.rel1.win32_1.0.100.202403111256/tools/bin/../lib/gcc/arm-none-eabi/12.3.1/../../../../arm-none-eabi/lib/thumb/v7e-m+fp/hard\libnosys.a
END GROUP
START GROUP
LOAD D:/ST/STM32CubeIDE_1.13.2/STM32CubeIDE/plugins/com.st.stm32cube.ide.mcu.externaltools.gnu-tools-for-stm32.12.3.rel1.win32_1.0.100.202403111256/tools/bin/../lib/gcc/arm-none-eabi/12.3.1/thumb/v7e-m+fp/hard\libgcc.a
LOAD D:/ST/STM32CubeIDE_1.13.2/STM32CubeIDE/plugins/com.st.stm32cube.ide.mcu.externaltools.gnu-tools-for-stm32.12.3.rel1.win32_1.0.100.202403111256/tools/bin/../lib/gcc/arm-none-eabi/12.3.1/../../../../arm-none-eabi/lib/thumb/v7e-m+fp/hard\libc_nano.a
LOAD D:/ST/STM32CubeIDE_1.13.2/STM32CubeIDE/plugins/com.st.stm32cube.ide.mcu.externaltools.gnu-tools-for-stm32.12.3.rel1.win32_1.0.100.202403111256/tools/bin/../lib/gcc/arm-none-eabi/12.3.1/../../../../arm-none-eabi/lib/thumb/v7e-m+fp/hard\libnosys.a
END GROUP
LOAD D:/ST/STM32CubeIDE_1.13.2/STM32CubeIDE/plugins/com.st.stm32cube.ide.mcu.externaltools.gnu-tools-for-stm32.12.3.rel1.win32_1.0.100.202403111256/tools/bin/../lib/gcc/arm-none-eabi/12.3.1/thumb/v7e-m+fp/hard/crtend.o
LOAD D:/ST/STM32CubeIDE_1.13.2/STM32CubeIDE/plugins/com.st.stm32cube.ide.mcu.externaltools.gnu-tools-for-stm32.12.3.rel1.win32_1.0.100.202403111256/tools/bin/../lib/gcc/arm-none-eabi/12.3.1/thumb/v7e-m+fp/hard/crtn.o
                0x20020000                        _estack = (ORIGIN (RAM) + LENGTH (RAM))
                0x00000200                        _Min_Heap_Size = 0x200
                0x00000400                        _Min_Stack_Size = 0x400

.isr_vector     0x08000000      0x188
                0x08000000                        . = ALIGN (0x4)
 *(.isr_vector)
 .isr_vector    0x08000000      0x188 ./Startup/startup_stm32f407vgtx.o
                0x08000000                g_pfnVectors
                0x08000188                        . = ALIGN (0x4)

.text           0x08000190     0x59a0
                0x08000190                        . = ALIGN (0x4)
 *(.text)
 .text          0x08000190       0x40 D:/ST/STM32CubeIDE_1.13.2/STM32CubeIDE/plugins/com.st.stm32cube.ide.mcu.externaltools.gnu-tools-for-stm32.12.3.rel1.win32_1.0.100.202403111256/tools/bin/../lib/gcc/arm-none-eabi/12.3.1/thumb/v7e-m+fp/hard/crtbegin.o
 .text          0x080001d0       0x10 D:/ST/STM32CubeIDE_1.13.2/STM32CubeIDE/plugins/com.st.stm32cube.ide.mcu.externaltools.gnu-tools-for-stm32.12.3.rel1.win32_1.0.100.202403111256/tools/bin/../lib/gcc/arm-none-eabi/12.3.1/../../../../arm-none-eabi/lib/thumb/v7e-m+fp/hard\libc_nano.a(libc_a-strlen.o)
                0x080001d0                strlen
 .text          0x080001e0       0xa0 D:/ST/STM32CubeIDE_1.13.2/STM32CubeIDE/plugins/com.st.stm32cube.ide.mcu.externaltools.gnu-tools-for-stm32.12.3.rel1.win32_1.0.100.202403111256/tools/bin/../lib/gcc/arm-none-eabi/12.3.1/../../../../arm-none-eabi/lib/thumb/v7e-m+fp/hard\libc_nano.a(libc_a-memchr.o)
                0x080001e0                memchr
 .text          0x08000280      0x378 D:/ST/STM32CubeIDE_1.13.2/STM32CubeIDE/plugins/com.st.stm32cube.ide.mcu.externaltools.gnu-tools-for-stm32.12.3.rel1.win32_1.0.100.202403111256/tools/bin/../lib/gcc/arm-none-eabi/12.3.1/thumb/v7e-m+fp/hard\libgcc.a(_arm_addsubdf3.o)
                0x08000280                __aeabi_drsub
                0x08000288                __aeabi_dsub
                0x08000288                __subdf3
                0x0800028c                __aeabi_dadd
                0x0800028c                __adddf3
                0x08000504                __floatunsidf
                0x08000504                __aeabi_ui2d
                0x08000524                __floatsidf
                0x08000524                __aeabi_i2d
                0x08000548                __aeabi_f2d
                0x08000548                __extendsfdf2
                0x0800058c                __floatundidf
                0x0800058c                __aeabi_ul2d
                0x0800059c                __floatdidf
                0x0800059c                __aeabi_l2d
 .text          0x080005f8      0x424 D:/ST/STM32CubeIDE_1.13.2/STM32CubeIDE/plugins/com.st.stm32cube.ide.mcu.externaltools.gnu-tools-for-stm32.12.3.rel1.win32_1.0.100.202403111256/tools/bin/../lib/gcc/arm-none-eabi/12.3.1/thumb/v7e-m+fp/hard\libgcc.a(_arm_muldivdf3.o)
                0x080005f8                __aeabi_dmul
                0x080005f8                __muldf3
                0x0800084c                __divdf3
                0x0800084c                __aeabi_ddiv
 .text          0x08000a1c      0x110 D:/ST/STM32CubeIDE_1.13.2/STM32CubeIDE/plugins/com.st.stm32cube.ide.mcu.externaltools.gnu-tools-for-stm32.12.3.rel1.win32_1.0.100.202403111256/tools/bin/../lib/gcc/arm-none-eabi/12.3.1/thumb/v7e-m+fp/hard\libgcc.a(_arm_cmpdf2.o)
                0x08000a1c                __gtdf2
                0x08000a1c                __gedf2
                0x08000a24                __ltdf2
                0x08000a24                __ledf2
                0x08000a2c                __nedf2
                0x08000a2c                __eqdf2
                0x08000a2c                __cmpdf2
                0x08000aa8                __aeabi_cdrcmple
                0x08000ab8                __aeabi_cdcmpeq
                0x08000ab8                __aeabi_cdcmple
                0x08000ac8                __aeabi_dcmpeq
                0x08000adc                __aeabi_dcmplt
                0x08000af0                __aeabi_dcmple
                0x08000b04                __aeabi_dcmpge
                0x08000b18                __aeabi_dcmpgt
 .text          0x08000b2c       0x50 D:/ST/STM32CubeIDE_1.13.2/STM32CubeIDE/plugins/com.st.stm32cube.ide.mcu.externaltools.gnu-tools-for-stm32.12.3.rel1.win32_1.0.100.202403111256/tools/bin/../lib/gcc/arm-none-eabi/12.3.1/thumb/v7e-m+fp/hard\libgcc.a(_arm_fixdfsi.o)
                0x08000b2c                __aeabi_d2iz
                0x08000b2c                __fixdfsi
 .text          0x08000b7c       0x30 D:/ST/STM32CubeIDE_1.13.2/STM32CubeIDE/plugins/com.st.stm32cube.ide.mcu.externaltools.gnu-tools-for-stm32.12.3.rel1.win32_1.0.100.202403111256/tools/bin/../lib/gcc/arm-none-eabi/12.3.1/thumb/v7e-m+fp/hard\libgcc.a(_fixdfdi.o)
                0x08000b7c                __fixdfdi
                0x08000b7c                __aeabi_d2lz
 .text          0x08000bac       0x3c D:/ST/STM32CubeIDE_1.13.2/STM32CubeIDE/plugins/com.st.stm32cube.ide.mcu.externaltools.gnu-tools-for-stm32.12.3.rel1.win32_1.0.100.202403111256/tools/bin/../lib/gcc/arm-none-eabi/12.3.1/thumb/v7e-m+fp/hard\libgcc.a(_fixunsdfdi.o)
                0x08000bac                __fixunsdfdi
                0x08000bac                __aeabi_d2ulz
 .text          0x08000be8       0x40 D:/ST/STM32CubeIDE_1.13.2/STM32CubeIDE/plugins/com.st.stm32cube.ide.mcu.externaltools.gnu-tools-for-stm32.12.3.rel1.win32_1.0.100.202403111256/tools/bin/../lib/gcc/arm-none-eabi/12.3.1/thumb/v7e-m+fp/hard\libgcc.a(_arm_fixunsdfsi.o)
                0x08000be8                __aeabi_d2uiz
                0x08000be8                __fixunsdfsi
 *(.text*)
 .text.Delay_ms
                0x08000c28       0x5c ./Drivers/ADC/ADC.o
 .text.Delay_milli
                0x08000c84       0x46 ./Drivers/ADC/ADC.o
 *fill*         0x08000cca        0x2 
 .text.ADC_Timer_External_Trigger_Init
                0x08000ccc      0x42c ./Drivers/ADC/ADC.o
 .text.ADC_Sampling_Config
                0x080010f8      0x25e ./Drivers/ADC/ADC.o
 *fill*         0x08001356        0x2 
 .text.ADC_Pin_Init
                0x08001358      0x270 ./Drivers/ADC/ADC.o
 .text.ADC_Sequence_Config
                0x080015c8      0x1f8 ./Drivers/ADC/ADC.o
 .text.ADC_Init
                0x080017c0      0x2e4 ./Drivers/ADC/ADC.o
                0x080017c0                ADC_Init
 .text.ADC_Enable
                0x08001aa4       0x30 ./Drivers/ADC/ADC.o
                0x08001aa4                ADC_Enable
 .text.ADC_Start
                0x08001ad4       0x5c ./Drivers/ADC/ADC.o
                0x08001ad4                ADC_Start
 .text.ADC_Start_Capture
                0x08001b30       0x84 ./Drivers/ADC/ADC.o
                0x08001b30                ADC_Start_Capture
 .text.Console_Init
                0x08001bb4       0x50 ./Drivers/Console/Console.o
                0x08001bb4                Console_Init
 .text.printConsole
                0x08001c04       0x50 ./Drivers/Console/Console.o
                0x08001c04                printConsole
 .text.__NVIC_EnableIRQ
                0x08001c54       0x3c ./Drivers/DMA/DMA.o
 .text.DMA1_Stream0_IRQHandler
                0x08001c90      0x178 ./Drivers/DMA/DMA.o
                0x08001c90                DMA1_Stream0_IRQHandler
 .text.DMA1_Stream1_IRQHandler
                0x08001e08      0x134 ./Drivers/DMA/DMA.o
                0x08001e08                DMA1_Stream1_IRQHandler
 .text.DMA1_Stream2_IRQHandler
                0x08001f3c       0xd0 ./Drivers/DMA/DMA.o
                0x08001f3c                DMA1_Stream2_IRQHandler
 .text.DMA1_Stream3_IRQHandler
                0x0800200c      0x178 ./Drivers/DMA/DMA.o
                0x0800200c                DMA1_Stream3_IRQHandler
 .text.DMA1_Stream4_IRQHandler
                0x08002184      0x178 ./Drivers/DMA/DMA.o
                0x08002184                DMA1_Stream4_IRQHandler
 .text.DMA1_Stream5_IRQHandler
                0x080022fc      0x178 ./Drivers/DMA/DMA.o
                0x080022fc                DMA1_Stream5_IRQHandler
 .text.DMA1_Stream6_IRQHandler
                0x08002474      0x140 ./Drivers/DMA/DMA.o
                0x08002474                DMA1_Stream6_IRQHandler
 .text.DMA1_Stream7_IRQHandler
                0x080025b4      0x178 ./Drivers/DMA/DMA.o
                0x080025b4                DMA1_Stream7_IRQHandler
 .text.DMA2_Stream0_IRQHandler
                0x0800272c      0x134 ./Drivers/DMA/DMA.o
                0x0800272c                DMA2_Stream0_IRQHandler
 .text.DMA2_Stream1_IRQHandler
                0x08002860      0x19c ./Drivers/DMA/DMA.o
                0x08002860                DMA2_Stream1_IRQHandler
 .text.DMA2_Stream2_IRQHandler
                0x080029fc      0x114 ./Drivers/DMA/DMA.o
                0x080029fc                DMA2_Stream2_IRQHandler
 .text.DMA2_Stream3_IRQHandler
                0x08002b10       0xf0 ./Drivers/DMA/DMA.o
                0x08002b10                DMA2_Stream3_IRQHandler
 .text.DMA2_Stream4_IRQHandler
                0x08002c00       0xf0 ./Drivers/DMA/DMA.o
                0x08002c00                DMA2_Stream4_IRQHandler
 .text.DMA2_Stream5_IRQHandler
                0x08002cf0       0xd0 ./Drivers/DMA/DMA.o
                0x08002cf0                DMA2_Stream5_IRQHandler
 .text.DMA2_Stream6_IRQHandler
                0x08002dc0      0x134 ./Drivers/DMA/DMA.o
                0x08002dc0                DMA2_Stream6_IRQHandler
 .text.DMA2_Stream7_IRQHandler
                0x08002ef4       0xf0 ./Drivers/DMA/DMA.o
                0x08002ef4                DMA2_Stream7_IRQHandler
 .text.DMA_Clock_Enable
                0x08002fe4       0x4c ./Drivers/DMA/DMA.o
                0x08002fe4                DMA_Clock_Enable
 .text.DMA_Init
                0x08003030      0x33c ./Drivers/DMA/DMA.o
                0x08003030                DMA_Init
 .text.DMA_Set_Target
                0x0800336c       0x7a ./Drivers/DMA/DMA.o
                0x0800336c                DMA_Set_Target
 *fill*         0x080033e6        0x2 
 .text.DMA_Set_Trigger
                0x080033e8      0x168 ./Drivers/DMA/DMA.o
                0x080033e8                DMA_Set_Trigger
 .text.GPIO_Clock_Enable
                0x08003550       0xbc ./Drivers/GPIO/GPIO.o
                0x08003550                GPIO_Clock_Enable
 .text.GPIO_Pin_Init
                0x0800360c       0xc0 ./Drivers/GPIO/GPIO.o
                0x0800360c                GPIO_Pin_Init
 .text.separateFractionAndIntegral
                0x080036cc       0x4c ./Drivers/USART/USART.o
 .text.Get_USART_Instance_Number
                0x08003718       0x84 ./Drivers/USART/USART.o
 .text.USART_Config_Reset
                0x0800379c       0x3c ./Drivers/USART/USART.o
                0x0800379c                USART_Config_Reset
 .text.USART_Clock_Enable
                0x080037d8       0xc8 ./Drivers/USART/USART.o
                0x080037d8                USART_Clock_Enable
 .text.PIN_Setup
                0x080038a0      0x8b0 ./Drivers/USART/USART.o
 .text.USART_Init
                0x08004150      0x570 ./Drivers/USART/USART.o
                0x08004150                USART_Init
 .text.USART_TX_Buffer
                0x080046c0      0x254 ./Drivers/USART/USART.o
                0x080046c0                USART_TX_Buffer
 .text.Joystick_Init
                0x08004914       0x2c ./Joystick/Joystick_Driver/Joystick_Device_Driver.o
                0x08004914                Joystick_Init
 .text.Joystick_Read
                0x08004940       0x48 ./Joystick/Joystick_Driver/Joystick_Device_Driver.o
                0x08004940                Joystick_Read
 .text.Joystick_HAL_Init
                0x08004988      0x200 ./Joystick/Joystick_HAL/Joystick_HAL.o
                0x08004988                Joystick_HAL_Init
 .text.Joystick_HAL_Read_X
                0x08004b88       0x34 ./Joystick/Joystick_HAL/Joystick_HAL.o
                0x08004b88                Joystick_HAL_Read_X
 .text.Joystick_HAL_Read_Y
                0x08004bbc       0x34 ./Joystick/Joystick_HAL/Joystick_HAL.o
                0x08004bbc                Joystick_HAL_Read_Y
 .text.__NVIC_EnableIRQ
                0x08004bf0       0x3c ./Src/main.o
 .text.__NVIC_SetPriority
                0x08004c2c       0x54 ./Src/main.o
 .text.SysTick_Config
                0x08004c80       0x44 ./Src/main.o
 .text.MCU_Clock_Setup
                0x08004cc4      0x124 ./Src/main.o
 .text.Delay_Config
                0x08004de8       0x30 ./Src/main.o
 .text.TIM6_DAC_IRQHandler
                0x08004e18       0x5c ./Src/main.o
                0x08004e18                TIM6_DAC_IRQHandler
 .text.General_Timer_Update_Init
                0x08004e74       0x68 ./Src/main.o
                0x08004e74                General_Timer_Update_Init
 .text.main     0x08004edc       0x2c ./Src/main.o
                0x08004edc                main
 .text._sbrk    0x08004f08       0x6c ./Src/sysmem.o
                0x08004f08                _sbrk
 .text.SystemInit
                0x08004f74       0x24 ./Src/system_stm32f4xx.o
                0x08004f74                SystemInit
 .text.SystemCoreClockUpdate
                0x08004f98      0x100 ./Src/system_stm32f4xx.o
                0x08004f98                SystemCoreClockUpdate
 .text.Reset_Handler
                0x08005098       0x50 ./Startup/startup_stm32f407vgtx.o
                0x08005098                Reset_Handler
 .text.Default_Handler
                0x080050e8        0x2 ./Startup/startup_stm32f407vgtx.o
                0x080050e8                RTC_Alarm_IRQHandler
                0x080050e8                HASH_RNG_IRQHandler
                0x080050e8                EXTI2_IRQHandler
                0x080050e8                TIM8_CC_IRQHandler
                0x080050e8                DebugMon_Handler
                0x080050e8                TIM1_CC_IRQHandler
                0x080050e8                HardFault_Handler
                0x080050e8                SysTick_Handler
                0x080050e8                PVD_IRQHandler
                0x080050e8                SDIO_IRQHandler
                0x080050e8                TAMP_STAMP_IRQHandler
                0x080050e8                PendSV_Handler
                0x080050e8                NMI_Handler
                0x080050e8                CAN2_RX1_IRQHandler
                0x080050e8                EXTI3_IRQHandler
                0x080050e8                TIM8_TRG_COM_TIM14_IRQHandler
                0x080050e8                TIM1_UP_TIM10_IRQHandler
                0x080050e8                TIM8_UP_TIM13_IRQHandler
                0x080050e8                I2C3_ER_IRQHandler
                0x080050e8                EXTI0_IRQHandler
                0x080050e8                I2C2_EV_IRQHandler
                0x080050e8                CAN1_RX0_IRQHandler
                0x080050e8                FPU_IRQHandler
                0x080050e8                OTG_HS_WKUP_IRQHandler
                0x080050e8                UsageFault_Handler
                0x080050e8                CAN2_SCE_IRQHandler
                0x080050e8                SPI1_IRQHandler
                0x080050e8                TIM1_BRK_TIM9_IRQHandler
                0x080050e8                DCMI_IRQHandler
                0x080050e8                CAN2_RX0_IRQHandler
                0x080050e8                USART6_IRQHandler
                0x080050e8                USART3_IRQHandler
                0x080050e8                CRYP_IRQHandler
                0x080050e8                CAN1_RX1_IRQHandler
                0x080050e8                UART5_IRQHandler
                0x080050e8                TIM4_IRQHandler
                0x080050e8                I2C1_EV_IRQHandler
                0x080050e8                UART4_IRQHandler
                0x080050e8                TIM3_IRQHandler
                0x080050e8                RCC_IRQHandler
                0x080050e8                TIM8_BRK_TIM12_IRQHandler
                0x080050e8                Default_Handler
                0x080050e8                EXTI15_10_IRQHandler
                0x080050e8                ADC_IRQHandler
                0x080050e8                TIM7_IRQHandler
                0x080050e8                CAN2_TX_IRQHandler
                0x080050e8                TIM5_IRQHandler
                0x080050e8                I2C3_EV_IRQHandler
                0x080050e8                EXTI9_5_IRQHandler
                0x080050e8                RTC_WKUP_IRQHandler
                0x080050e8                ETH_WKUP_IRQHandler
                0x080050e8                SPI2_IRQHandler
                0x080050e8                OTG_HS_EP1_IN_IRQHandler
                0x080050e8                MemManage_Handler
                0x080050e8                CAN1_TX_IRQHandler
                0x080050e8                SVC_Handler
                0x080050e8                EXTI4_IRQHandler
                0x080050e8                FSMC_IRQHandler
                0x080050e8                ETH_IRQHandler
                0x080050e8                OTG_HS_EP1_OUT_IRQHandler
                0x080050e8                WWDG_IRQHandler
                0x080050e8                TIM2_IRQHandler
                0x080050e8                OTG_FS_WKUP_IRQHandler
                0x080050e8                TIM1_TRG_COM_TIM11_IRQHandler
                0x080050e8                OTG_HS_IRQHandler
                0x080050e8                EXTI1_IRQHandler
                0x080050e8                USART2_IRQHandler
                0x080050e8                I2C2_ER_IRQHandler
                0x080050e8                CAN1_SCE_IRQHandler
                0x080050e8                BusFault_Handler
                0x080050e8                USART1_IRQHandler
                0x080050e8                OTG_FS_IRQHandler
                0x080050e8                SPI3_IRQHandler
                0x080050e8                I2C1_ER_IRQHandler
 *fill*         0x080050ea        0x2 
 .text._vsprintf_r
                0x080050ec       0x2c D:/ST/STM32CubeIDE_1.13.2/STM32CubeIDE/plugins/com.st.stm32cube.ide.mcu.externaltools.gnu-tools-for-stm32.12.3.rel1.win32_1.0.100.202403111256/tools/bin/../lib/gcc/arm-none-eabi/12.3.1/../../../../arm-none-eabi/lib/thumb/v7e-m+fp/hard\libc_nano.a(libc_a-vsprintf.o)
                0x080050ec                _vsprintf_r
                0x080050ec                _vsiprintf_r
 .text.vsprintf
                0x08005118       0x14 D:/ST/STM32CubeIDE_1.13.2/STM32CubeIDE/plugins/com.st.stm32cube.ide.mcu.externaltools.gnu-tools-for-stm32.12.3.rel1.win32_1.0.100.202403111256/tools/bin/../lib/gcc/arm-none-eabi/12.3.1/../../../../arm-none-eabi/lib/thumb/v7e-m+fp/hard\libc_nano.a(libc_a-vsprintf.o)
                0x08005118                vsiprintf
                0x08005118                vsprintf
 .text.__errno  0x0800512c        0xc D:/ST/STM32CubeIDE_1.13.2/STM32CubeIDE/plugins/com.st.stm32cube.ide.mcu.externaltools.gnu-tools-for-stm32.12.3.rel1.win32_1.0.100.202403111256/tools/bin/../lib/gcc/arm-none-eabi/12.3.1/../../../../arm-none-eabi/lib/thumb/v7e-m+fp/hard\libc_nano.a(libc_a-errno.o)
                0x0800512c                __errno
 .text.__libc_init_array
                0x08005138       0x48 D:/ST/STM32CubeIDE_1.13.2/STM32CubeIDE/plugins/com.st.stm32cube.ide.mcu.externaltools.gnu-tools-for-stm32.12.3.rel1.win32_1.0.100.202403111256/tools/bin/../lib/gcc/arm-none-eabi/12.3.1/../../../../arm-none-eabi/lib/thumb/v7e-m+fp/hard\libc_nano.a(libc_a-init.o)
                0x08005138                __libc_init_array
 .text.__retarget_lock_acquire_recursive
                0x08005180        0x2 D:/ST/STM32CubeIDE_1.13.2/STM32CubeIDE/plugins/com.st.stm32cube.ide.mcu.externaltools.gnu-tools-for-stm32.12.3.rel1.win32_1.0.100.202403111256/tools/bin/../lib/gcc/arm-none-eabi/12.3.1/../../../../arm-none-eabi/lib/thumb/v7e-m+fp/hard\libc_nano.a(libc_a-lock.o)
                0x08005180                __retarget_lock_acquire_recursive
 .text.__retarget_lock_release_recursive
                0x08005182        0x2 D:/ST/STM32CubeIDE_1.13.2/STM32CubeIDE/plugins/com.st.stm32cube.ide.mcu.externaltools.gnu-tools-for-stm32.12.3.rel1.win32_1.0.100.202403111256/tools/bin/../lib/gcc/arm-none-eabi/12.3.1/../../../../arm-none-eabi/lib/thumb/v7e-m+fp/hard\libc_nano.a(libc_a-lock.o)
                0x08005182                __retarget_lock_release_recursive
 .text._free_r  0x08005184       0x94 D:/ST/STM32CubeIDE_1.13.2/STM32CubeIDE/plugins/com.st.stm32cube.ide.mcu.externaltools.gnu-tools-for-stm32.12.3.rel1.win32_1.0.100.202403111256/tools/bin/../lib/gcc/arm-none-eabi/12.3.1/../../../../arm-none-eabi/lib/thumb/v7e-m+fp/hard\libc_nano.a(libc_a-freer.o)
                0x08005184                _free_r
 .text.sbrk_aligned
                0x08005218       0x44 D:/ST/STM32CubeIDE_1.13.2/STM32CubeIDE/plugins/com.st.stm32cube.ide.mcu.externaltools.gnu-tools-for-stm32.12.3.rel1.win32_1.0.100.202403111256/tools/bin/../lib/gcc/arm-none-eabi/12.3.1/../../../../arm-none-eabi/lib/thumb/v7e-m+fp/hard\libc_nano.a(libc_a-mallocr.o)
 .text._malloc_r
                0x0800525c      0x100 D:/ST/STM32CubeIDE_1.13.2/STM32CubeIDE/plugins/com.st.stm32cube.ide.mcu.externaltools.gnu-tools-for-stm32.12.3.rel1.win32_1.0.100.202403111256/tools/bin/../lib/gcc/arm-none-eabi/12.3.1/../../../../arm-none-eabi/lib/thumb/v7e-m+fp/hard\libc_nano.a(libc_a-mallocr.o)
                0x0800525c                _malloc_r
 .text.__malloc_lock
                0x0800535c        0xc D:/ST/STM32CubeIDE_1.13.2/STM32CubeIDE/plugins/com.st.stm32cube.ide.mcu.externaltools.gnu-tools-for-stm32.12.3.rel1.win32_1.0.100.202403111256/tools/bin/../lib/gcc/arm-none-eabi/12.3.1/../../../../arm-none-eabi/lib/thumb/v7e-m+fp/hard\libc_nano.a(libc_a-mlock.o)
                0x0800535c                __malloc_lock
 .text.__malloc_unlock
                0x08005368        0xc D:/ST/STM32CubeIDE_1.13.2/STM32CubeIDE/plugins/com.st.stm32cube.ide.mcu.externaltools.gnu-tools-for-stm32.12.3.rel1.win32_1.0.100.202403111256/tools/bin/../lib/gcc/arm-none-eabi/12.3.1/../../../../arm-none-eabi/lib/thumb/v7e-m+fp/hard\libc_nano.a(libc_a-mlock.o)
                0x08005368                __malloc_unlock
 .text.__ssputs_r
                0x08005374       0xb6 D:/ST/STM32CubeIDE_1.13.2/STM32CubeIDE/plugins/com.st.stm32cube.ide.mcu.externaltools.gnu-tools-for-stm32.12.3.rel1.win32_1.0.100.202403111256/tools/bin/../lib/gcc/arm-none-eabi/12.3.1/../../../../arm-none-eabi/lib/thumb/v7e-m+fp/hard\libc_nano.a(libc_a-nano-svfprintf.o)
                0x08005374                __ssputs_r
 *fill*         0x0800542a        0x2 
 .text._svfprintf_r
                0x0800542c      0x1f8 D:/ST/STM32CubeIDE_1.13.2/STM32CubeIDE/plugins/com.st.stm32cube.ide.mcu.externaltools.gnu-tools-for-stm32.12.3.rel1.win32_1.0.100.202403111256/tools/bin/../lib/gcc/arm-none-eabi/12.3.1/../../../../arm-none-eabi/lib/thumb/v7e-m+fp/hard\libc_nano.a(libc_a-nano-svfprintf.o)
                0x0800542c                _svfiprintf_r
                0x0800542c                _svfprintf_r
 .text._printf_common
                0x08005624       0xda D:/ST/STM32CubeIDE_1.13.2/STM32CubeIDE/plugins/com.st.stm32cube.ide.mcu.externaltools.gnu-tools-for-stm32.12.3.rel1.win32_1.0.100.202403111256/tools/bin/../lib/gcc/arm-none-eabi/12.3.1/../../../../arm-none-eabi/lib/thumb/v7e-m+fp/hard\libc_nano.a(libc_a-nano-vfprintf_i.o)
                0x08005624                _printf_common
 *fill*         0x080056fe        0x2 
 .text._printf_i
                0x08005700      0x240 D:/ST/STM32CubeIDE_1.13.2/STM32CubeIDE/plugins/com.st.stm32cube.ide.mcu.externaltools.gnu-tools-for-stm32.12.3.rel1.win32_1.0.100.202403111256/tools/bin/../lib/gcc/arm-none-eabi/12.3.1/../../../../arm-none-eabi/lib/thumb/v7e-m+fp/hard\libc_nano.a(libc_a-nano-vfprintf_i.o)
                0x08005700                _printf_i
 .text.memmove  0x08005940       0x34 D:/ST/STM32CubeIDE_1.13.2/STM32CubeIDE/plugins/com.st.stm32cube.ide.mcu.externaltools.gnu-tools-for-stm32.12.3.rel1.win32_1.0.100.202403111256/tools/bin/../lib/gcc/arm-none-eabi/12.3.1/../../../../arm-none-eabi/lib/thumb/v7e-m+fp/hard\libc_nano.a(libc_a-memmove.o)
                0x08005940                memmove
 .text._sbrk_r  0x08005974       0x20 D:/ST/STM32CubeIDE_1.13.2/STM32CubeIDE/plugins/com.st.stm32cube.ide.mcu.externaltools.gnu-tools-for-stm32.12.3.rel1.win32_1.0.100.202403111256/tools/bin/../lib/gcc/arm-none-eabi/12.3.1/../../../../arm-none-eabi/lib/thumb/v7e-m+fp/hard\libc_nano.a(libc_a-sbrkr.o)
                0x08005974                _sbrk_r
 .text.memcpy   0x08005994       0x1c D:/ST/STM32CubeIDE_1.13.2/STM32CubeIDE/plugins/com.st.stm32cube.ide.mcu.externaltools.gnu-tools-for-stm32.12.3.rel1.win32_1.0.100.202403111256/tools/bin/../lib/gcc/arm-none-eabi/12.3.1/../../../../arm-none-eabi/lib/thumb/v7e-m+fp/hard\libc_nano.a(libc_a-memcpy-stub.o)
                0x08005994                memcpy
 .text._realloc_r
                0x080059b0       0x5c D:/ST/STM32CubeIDE_1.13.2/STM32CubeIDE/plugins/com.st.stm32cube.ide.mcu.externaltools.gnu-tools-for-stm32.12.3.rel1.win32_1.0.100.202403111256/tools/bin/../lib/gcc/arm-none-eabi/12.3.1/../../../../arm-none-eabi/lib/thumb/v7e-m+fp/hard\libc_nano.a(libc_a-reallocr.o)
                0x080059b0                _realloc_r
 .text._malloc_usable_size_r
                0x08005a0c       0x10 D:/ST/STM32CubeIDE_1.13.2/STM32CubeIDE/plugins/com.st.stm32cube.ide.mcu.externaltools.gnu-tools-for-stm32.12.3.rel1.win32_1.0.100.202403111256/tools/bin/../lib/gcc/arm-none-eabi/12.3.1/../../../../arm-none-eabi/lib/thumb/v7e-m+fp/hard\libc_nano.a(libc_a-msizer.o)
                0x08005a0c                _malloc_usable_size_r
 *fill*         0x08005a1c        0x4 
 .text.ceil     0x08005a20       0xf8 D:/ST/STM32CubeIDE_1.13.2/STM32CubeIDE/plugins/com.st.stm32cube.ide.mcu.externaltools.gnu-tools-for-stm32.12.3.rel1.win32_1.0.100.202403111256/tools/bin/../lib/gcc/arm-none-eabi/12.3.1/../../../../arm-none-eabi/lib/thumb/v7e-m+fp/hard\libm.a(libm_a-s_ceil.o)
                0x08005a20                ceil
 *(.glue_7)
 .glue_7        0x08005b18        0x0 linker stubs
 *(.glue_7t)
 .glue_7t       0x08005b18        0x0 linker stubs
 *(.eh_frame)
 .eh_frame      0x08005b18        0x0 D:/ST/STM32CubeIDE_1.13.2/STM32CubeIDE/plugins/com.st.stm32cube.ide.mcu.externaltools.gnu-tools-for-stm32.12.3.rel1.win32_1.0.100.202403111256/tools/bin/../lib/gcc/arm-none-eabi/12.3.1/thumb/v7e-m+fp/hard/crtbegin.o
 *(.init)
 .init          0x08005b18        0x4 D:/ST/STM32CubeIDE_1.13.2/STM32CubeIDE/plugins/com.st.stm32cube.ide.mcu.externaltools.gnu-tools-for-stm32.12.3.rel1.win32_1.0.100.202403111256/tools/bin/../lib/gcc/arm-none-eabi/12.3.1/thumb/v7e-m+fp/hard/crti.o
                0x08005b18                _init
 .init          0x08005b1c        0x8 D:/ST/STM32CubeIDE_1.13.2/STM32CubeIDE/plugins/com.st.stm32cube.ide.mcu.externaltools.gnu-tools-for-stm32.12.3.rel1.win32_1.0.100.202403111256/tools/bin/../lib/gcc/arm-none-eabi/12.3.1/thumb/v7e-m+fp/hard/crtn.o
 *(.fini)
 .fini          0x08005b24        0x4 D:/ST/STM32CubeIDE_1.13.2/STM32CubeIDE/plugins/com.st.stm32cube.ide.mcu.externaltools.gnu-tools-for-stm32.12.3.rel1.win32_1.0.100.202403111256/tools/bin/../lib/gcc/arm-none-eabi/12.3.1/thumb/v7e-m+fp/hard/crti.o
                0x08005b24                _fini
 .fini          0x08005b28        0x8 D:/ST/STM32CubeIDE_1.13.2/STM32CubeIDE/plugins/com.st.stm32cube.ide.mcu.externaltools.gnu-tools-for-stm32.12.3.rel1.win32_1.0.100.202403111256/tools/bin/../lib/gcc/arm-none-eabi/12.3.1/thumb/v7e-m+fp/hard/crtn.o
                0x08005b30                        . = ALIGN (0x4)
                0x08005b30                        _etext = .

.vfp11_veneer   0x08005b30        0x0
 .vfp11_veneer  0x08005b30        0x0 linker stubs

.v4_bx          0x08005b30        0x0
 .v4_bx         0x08005b30        0x0 linker stubs

.iplt           0x08005b30        0x0
 .iplt          0x08005b30        0x0 D:/ST/STM32CubeIDE_1.13.2/STM32CubeIDE/plugins/com.st.stm32cube.ide.mcu.externaltools.gnu-tools-for-stm32.12.3.rel1.win32_1.0.100.202403111256/tools/bin/../lib/gcc/arm-none-eabi/12.3.1/thumb/v7e-m+fp/hard/crtbegin.o

.rodata         0x08005b30      0x850
                0x08005b30                        . = ALIGN (0x4)
 *(.rodata)
 .rodata        0x08005b30        0xc ./Src/main.o
 *(.rodata*)
 .rodata.DMA_Configuration
                0x08005b3c      0x3fc ./Drivers/ADC/ADC.o
 .rodata.LIFCR_Shifts.1
                0x08005f38        0x4 ./Drivers/DMA/DMA.o
 .rodata.HIFCR_Shifts.0
                0x08005f3c        0x4 ./Drivers/DMA/DMA.o
 .rodata.DMA_Configuration
                0x08005f40      0x3fc ./Drivers/USART/USART.o
 .rodata.AHBPrescTable
                0x0800633c       0x10 ./Src/system_stm32f4xx.o
                0x0800633c                AHBPrescTable
 .rodata._svfprintf_r.str1.1
                0x0800634c       0x11 D:/ST/STM32CubeIDE_1.13.2/STM32CubeIDE/plugins/com.st.stm32cube.ide.mcu.externaltools.gnu-tools-for-stm32.12.3.rel1.win32_1.0.100.202403111256/tools/bin/../lib/gcc/arm-none-eabi/12.3.1/../../../../arm-none-eabi/lib/thumb/v7e-m+fp/hard\libc_nano.a(libc_a-nano-svfprintf.o)
 .rodata._printf_i.str1.1
                0x0800635d       0x22 D:/ST/STM32CubeIDE_1.13.2/STM32CubeIDE/plugins/com.st.stm32cube.ide.mcu.externaltools.gnu-tools-for-stm32.12.3.rel1.win32_1.0.100.202403111256/tools/bin/../lib/gcc/arm-none-eabi/12.3.1/../../../../arm-none-eabi/lib/thumb/v7e-m+fp/hard\libc_nano.a(libc_a-nano-vfprintf_i.o)
                0x08006380                        . = ALIGN (0x4)
 *fill*         0x0800637f        0x1 

.ARM.extab      0x08006380        0x0
                0x08006380                        . = ALIGN (0x4)
 *(.ARM.extab* .gnu.linkonce.armextab.*)
                0x08006380                        . = ALIGN (0x4)

.ARM            0x08006380        0x8
                0x08006380                        . = ALIGN (0x4)
                0x08006380                        __exidx_start = .
 *(.ARM.exidx*)
 .ARM.exidx     0x08006380        0x8 D:/ST/STM32CubeIDE_1.13.2/STM32CubeIDE/plugins/com.st.stm32cube.ide.mcu.externaltools.gnu-tools-for-stm32.12.3.rel1.win32_1.0.100.202403111256/tools/bin/../lib/gcc/arm-none-eabi/12.3.1/../../../../arm-none-eabi/lib/thumb/v7e-m+fp/hard\libc_nano.a(libc_a-strlen.o)
 .ARM.exidx     0x08006388        0x0 D:/ST/STM32CubeIDE_1.13.2/STM32CubeIDE/plugins/com.st.stm32cube.ide.mcu.externaltools.gnu-tools-for-stm32.12.3.rel1.win32_1.0.100.202403111256/tools/bin/../lib/gcc/arm-none-eabi/12.3.1/../../../../arm-none-eabi/lib/thumb/v7e-m+fp/hard\libc_nano.a(libc_a-memchr.o)
                                  0x8 (size before relaxing)
                0x08006388                        __exidx_end = .
                0x08006388                        . = ALIGN (0x4)

.preinit_array  0x08006388        0x0
                0x08006388                        . = ALIGN (0x4)
                0x08006388                        PROVIDE (__preinit_array_start = .)
 *(.preinit_array*)
                0x08006388                        PROVIDE (__preinit_array_end = .)
                0x08006388                        . = ALIGN (0x4)

.init_array     0x08006388        0x4
                0x08006388                        . = ALIGN (0x4)
                0x08006388                        PROVIDE (__init_array_start = .)
 *(SORT_BY_NAME(.init_array.*))
 *(.init_array*)
 .init_array    0x08006388        0x4 D:/ST/STM32CubeIDE_1.13.2/STM32CubeIDE/plugins/com.st.stm32cube.ide.mcu.externaltools.gnu-tools-for-stm32.12.3.rel1.win32_1.0.100.202403111256/tools/bin/../lib/gcc/arm-none-eabi/12.3.1/thumb/v7e-m+fp/hard/crtbegin.o
                0x0800638c                        PROVIDE (__init_array_end = .)
                0x0800638c                        . = ALIGN (0x4)

.fini_array     0x0800638c        0x4
                0x0800638c                        . = ALIGN (0x4)
                [!provide]                        PROVIDE (__fini_array_start = .)
 *(SORT_BY_NAME(.fini_array.*))
 *(.fini_array*)
 .fini_array    0x0800638c        0x4 D:/ST/STM32CubeIDE_1.13.2/STM32CubeIDE/plugins/com.st.stm32cube.ide.mcu.externaltools.gnu-tools-for-stm32.12.3.rel1.win32_1.0.100.202403111256/tools/bin/../lib/gcc/arm-none-eabi/12.3.1/thumb/v7e-m+fp/hard/crtbegin.o
                [!provide]                        PROVIDE (__fini_array_end = .)
                0x08006390                        . = ALIGN (0x4)
                0x08006390                        _sidata = LOADADDR (.data)

.rel.dyn        0x08006390        0x0
 .rel.iplt      0x08006390        0x0 D:/ST/STM32CubeIDE_1.13.2/STM32CubeIDE/plugins/com.st.stm32cube.ide.mcu.externaltools.gnu-tools-for-stm32.12.3.rel1.win32_1.0.100.202403111256/tools/bin/../lib/gcc/arm-none-eabi/12.3.1/thumb/v7e-m+fp/hard/crtbegin.o

.data           0x20000000       0x54 load address 0x08006390
                0x20000000                        . = ALIGN (0x4)
                0x20000000                        _sdata = .
 *(.data)
 *(.data*)
 .data.SystemCoreClock
                0x20000000        0x4 ./Src/system_stm32f4xx.o
                0x20000000                SystemCoreClock
 .data._impure_ptr
                0x20000004        0x4 D:/ST/STM32CubeIDE_1.13.2/STM32CubeIDE/plugins/com.st.stm32cube.ide.mcu.externaltools.gnu-tools-for-stm32.12.3.rel1.win32_1.0.100.202403111256/tools/bin/../lib/gcc/arm-none-eabi/12.3.1/../../../../arm-none-eabi/lib/thumb/v7e-m+fp/hard\libc_nano.a(libc_a-impure.o)
                0x20000004                _impure_ptr
 .data._impure_data
                0x20000008       0x4c D:/ST/STM32CubeIDE_1.13.2/STM32CubeIDE/plugins/com.st.stm32cube.ide.mcu.externaltools.gnu-tools-for-stm32.12.3.rel1.win32_1.0.100.202403111256/tools/bin/../lib/gcc/arm-none-eabi/12.3.1/../../../../arm-none-eabi/lib/thumb/v7e-m+fp/hard\libc_nano.a(libc_a-impure.o)
                0x20000008                _impure_data
 *(.RamFunc)
 *(.RamFunc*)
                0x20000054                        . = ALIGN (0x4)
                0x20000054                        _edata = .
                0x080063e4                        _siccmram = LOADADDR (.ccmram)

.igot.plt       0x20000054        0x0 load address 0x080063e4
 .igot.plt      0x20000054        0x0 D:/ST/STM32CubeIDE_1.13.2/STM32CubeIDE/plugins/com.st.stm32cube.ide.mcu.externaltools.gnu-tools-for-stm32.12.3.rel1.win32_1.0.100.202403111256/tools/bin/../lib/gcc/arm-none-eabi/12.3.1/thumb/v7e-m+fp/hard/crtbegin.o

.ccmram         0x10000000        0x0 load address 0x080063e4
                0x10000000                        . = ALIGN (0x4)
                0x10000000                        _sccmram = .
 *(.ccmram)
 *(.ccmram*)
                0x10000000                        . = ALIGN (0x4)
                0x10000000                        _eccmram = .
                0x10000000                        . = ALIGN (0x4)

.bss            0x20000054      0x734
                0x20000054                        _sbss = .
                0x20000054                        __bss_start__ = _sbss
 *(.bss)
 .bss           0x20000054       0x1c D:/ST/STM32CubeIDE_1.13.2/STM32CubeIDE/plugins/com.st.stm32cube.ide.mcu.externaltools.gnu-tools-for-stm32.12.3.rel1.win32_1.0.100.202403111256/tools/bin/../lib/gcc/arm-none-eabi/12.3.1/thumb/v7e-m+fp/hard/crtbegin.o
 *(.bss*)
 .bss.xADC      0x20000070       0x38 ./Drivers/ADC/ADC.o
                0x20000070                xADC
 .bss.pin_temp  0x200000a8        0x1 ./Drivers/ADC/ADC.o
                0x200000a8                pin_temp
 *fill*         0x200000a9        0x3 
 .bss.serial    0x200000ac       0x14 ./Drivers/Console/Console.o
                0x200000ac                serial
 .bss.I2S2_RX_DMA_Flag
                0x200000c0        0x5 ./Drivers/DMA/DMA.o
                0x200000c0                I2S2_RX_DMA_Flag
 *fill*         0x200000c5        0x3 
 .bss.I2S2_TX_DMA_Flag
                0x200000c8        0x5 ./Drivers/DMA/DMA.o
                0x200000c8                I2S2_TX_DMA_Flag
 *fill*         0x200000cd        0x3 
 .bss.I2S3_TX_DMA_Flag
                0x200000d0        0x5 ./Drivers/DMA/DMA.o
                0x200000d0                I2S3_TX_DMA_Flag
 *fill*         0x200000d5        0x3 
 .bss.I2C1_RX_DMA_Flag
                0x200000d8        0x5 ./Drivers/DMA/DMA.o
                0x200000d8                I2C1_RX_DMA_Flag
 *fill*         0x200000dd        0x3 
 .bss.I2C1_TX_DMA_Flag
                0x200000e0        0x5 ./Drivers/DMA/DMA.o
                0x200000e0                I2C1_TX_DMA_Flag
 *fill*         0x200000e5        0x3 
 .bss.I2C2_TX_DMA_Flag
                0x200000e8        0x5 ./Drivers/DMA/DMA.o
                0x200000e8                I2C2_TX_DMA_Flag
 *fill*         0x200000ed        0x3 
 .bss.I2C3_TX_DMA_Flag
                0x200000f0        0x5 ./Drivers/DMA/DMA.o
                0x200000f0                I2C3_TX_DMA_Flag
 *fill*         0x200000f5        0x3 
 .bss.SPI1_RX_DMA_Flag
                0x200000f8        0x5 ./Drivers/DMA/DMA.o
                0x200000f8                SPI1_RX_DMA_Flag
 *fill*         0x200000fd        0x3 
 .bss.SPI2_RX_DMA_Flag
                0x20000100        0x5 ./Drivers/DMA/DMA.o
                0x20000100                SPI2_RX_DMA_Flag
 *fill*         0x20000105        0x3 
 .bss.SPI3_RX_DMA_Flag
                0x20000108        0x5 ./Drivers/DMA/DMA.o
                0x20000108                SPI3_RX_DMA_Flag
 *fill*         0x2000010d        0x3 
 .bss.SPI1_TX_DMA_Flag
                0x20000110        0x5 ./Drivers/DMA/DMA.o
                0x20000110                SPI1_TX_DMA_Flag
 *fill*         0x20000115        0x3 
 .bss.SPI2_TX_DMA_Flag
                0x20000118        0x5 ./Drivers/DMA/DMA.o
                0x20000118                SPI2_TX_DMA_Flag
 *fill*         0x2000011d        0x3 
 .bss.SPI3_TX_DMA_Flag
                0x20000120        0x5 ./Drivers/DMA/DMA.o
                0x20000120                SPI3_TX_DMA_Flag
 *fill*         0x20000125        0x3 
 .bss.USART1_RX_DMA_Flag
                0x20000128        0x5 ./Drivers/DMA/DMA.o
                0x20000128                USART1_RX_DMA_Flag
 *fill*         0x2000012d        0x3 
 .bss.USART1_TX_DMA_Flag
                0x20000130        0x5 ./Drivers/DMA/DMA.o
                0x20000130                USART1_TX_DMA_Flag
 *fill*         0x20000135        0x3 
 .bss.USART2_RX_DMA_Flag
                0x20000138        0x5 ./Drivers/DMA/DMA.o
                0x20000138                USART2_RX_DMA_Flag
 *fill*         0x2000013d        0x3 
 .bss.USART2_TX_DMA_Flag
                0x20000140        0x5 ./Drivers/DMA/DMA.o
                0x20000140                USART2_TX_DMA_Flag
 *fill*         0x20000145        0x3 
 .bss.USART3_RX_DMA_Flag
                0x20000148        0x5 ./Drivers/DMA/DMA.o
                0x20000148                USART3_RX_DMA_Flag
 *fill*         0x2000014d        0x3 
 .bss.USART3_TX_DMA_Flag
                0x20000150        0x5 ./Drivers/DMA/DMA.o
                0x20000150                USART3_TX_DMA_Flag
 *fill*         0x20000155        0x3 
 .bss.USART4_TX_DMA_Flag
                0x20000158        0x5 ./Drivers/DMA/DMA.o
                0x20000158                USART4_TX_DMA_Flag
 *fill*         0x2000015d        0x3 
 .bss.USART5_RX_DMA_Flag
                0x20000160        0x5 ./Drivers/DMA/DMA.o
                0x20000160                USART5_RX_DMA_Flag
 *fill*         0x20000165        0x3 
 .bss.USART5_TX_DMA_Flag
                0x20000168        0x5 ./Drivers/DMA/DMA.o
                0x20000168                USART5_TX_DMA_Flag
 *fill*         0x2000016d        0x3 
 .bss.USART6_RX_DMA_Flag
                0x20000170        0x5 ./Drivers/DMA/DMA.o
                0x20000170                USART6_RX_DMA_Flag
 *fill*         0x20000175        0x3 
 .bss.USART6_TX_DMA_Flag
                0x20000178        0x5 ./Drivers/DMA/DMA.o
                0x20000178                USART6_TX_DMA_Flag
 *fill*         0x2000017d        0x3 
 .bss.USART7_RX_DMA_Flag
                0x20000180        0x5 ./Drivers/DMA/DMA.o
                0x20000180                USART7_RX_DMA_Flag
 *fill*         0x20000185        0x3 
 .bss.USART8_RX_DMA_Flag
                0x20000188        0x5 ./Drivers/DMA/DMA.o
                0x20000188                USART8_RX_DMA_Flag
 *fill*         0x2000018d        0x3 
 .bss.TIM1_UP_DMA_Flag
                0x20000190        0x5 ./Drivers/DMA/DMA.o
                0x20000190                TIM1_UP_DMA_Flag
 *fill*         0x20000195        0x3 
 .bss.TIM1_CH1_DMA_Flag
                0x20000198        0x5 ./Drivers/DMA/DMA.o
                0x20000198                TIM1_CH1_DMA_Flag
 *fill*         0x2000019d        0x3 
 .bss.TIM1_CH2_DMA_Flag
                0x200001a0        0x5 ./Drivers/DMA/DMA.o
                0x200001a0                TIM1_CH2_DMA_Flag
 *fill*         0x200001a5        0x3 
 .bss.TIM1_CH3_DMA_Flag
                0x200001a8        0x5 ./Drivers/DMA/DMA.o
                0x200001a8                TIM1_CH3_DMA_Flag
 *fill*         0x200001ad        0x3 
 .bss.TIM1_CH4_DMA_Flag
                0x200001b0        0x5 ./Drivers/DMA/DMA.o
                0x200001b0                TIM1_CH4_DMA_Flag
 *fill*         0x200001b5        0x3 
 .bss.TIM1_TRIG_DMA_Flag
                0x200001b8        0x5 ./Drivers/DMA/DMA.o
                0x200001b8                TIM1_TRIG_DMA_Flag
 *fill*         0x200001bd        0x3 
 .bss.TIM1_COM_DMA_Flag
                0x200001c0        0x5 ./Drivers/DMA/DMA.o
                0x200001c0                TIM1_COM_DMA_Flag
 *fill*         0x200001c5        0x3 
 .bss.TIM8_UP_DMA_Flag
                0x200001c8        0x5 ./Drivers/DMA/DMA.o
                0x200001c8                TIM8_UP_DMA_Flag
 *fill*         0x200001cd        0x3 
 .bss.TIM8_CH1_DMA_Flag
                0x200001d0        0x5 ./Drivers/DMA/DMA.o
                0x200001d0                TIM8_CH1_DMA_Flag
 *fill*         0x200001d5        0x3 
 .bss.TIM8_CH2_DMA_Flag
                0x200001d8        0x5 ./Drivers/DMA/DMA.o
                0x200001d8                TIM8_CH2_DMA_Flag
 *fill*         0x200001dd        0x3 
 .bss.TIM8_CH3_DMA_Flag
                0x200001e0        0x5 ./Drivers/DMA/DMA.o
                0x200001e0                TIM8_CH3_DMA_Flag
 *fill*         0x200001e5        0x3 
 .bss.TIM8_CH4_DMA_Flag
                0x200001e8        0x5 ./Drivers/DMA/DMA.o
                0x200001e8                TIM8_CH4_DMA_Flag
 *fill*         0x200001ed        0x3 
 .bss.TIM8_TRIG_DMA_Flag
                0x200001f0        0x5 ./Drivers/DMA/DMA.o
                0x200001f0                TIM8_TRIG_DMA_Flag
 *fill*         0x200001f5        0x3 
 .bss.TIM8_COM_DMA_Flag
                0x200001f8        0x5 ./Drivers/DMA/DMA.o
                0x200001f8                TIM8_COM_DMA_Flag
 *fill*         0x200001fd        0x3 
 .bss.TIM2_UP_DMA_Flag
                0x20000200        0x5 ./Drivers/DMA/DMA.o
                0x20000200                TIM2_UP_DMA_Flag
 *fill*         0x20000205        0x3 
 .bss.TIM2_CH1_DMA_Flag
                0x20000208        0x5 ./Drivers/DMA/DMA.o
                0x20000208                TIM2_CH1_DMA_Flag
 *fill*         0x2000020d        0x3 
 .bss.TIM2_CH2_DMA_Flag
                0x20000210        0x5 ./Drivers/DMA/DMA.o
                0x20000210                TIM2_CH2_DMA_Flag
 *fill*         0x20000215        0x3 
 .bss.TIM2_CH3_DMA_Flag
                0x20000218        0x5 ./Drivers/DMA/DMA.o
                0x20000218                TIM2_CH3_DMA_Flag
 *fill*         0x2000021d        0x3 
 .bss.TIM2_CH4_DMA_Flag
                0x20000220        0x5 ./Drivers/DMA/DMA.o
                0x20000220                TIM2_CH4_DMA_Flag
 *fill*         0x20000225        0x3 
 .bss.TIM3_CH1_DMA_Flag
                0x20000228        0x5 ./Drivers/DMA/DMA.o
                0x20000228                TIM3_CH1_DMA_Flag
 *fill*         0x2000022d        0x3 
 .bss.TIM3_CH2_DMA_Flag
                0x20000230        0x5 ./Drivers/DMA/DMA.o
                0x20000230                TIM3_CH2_DMA_Flag
 *fill*         0x20000235        0x3 
 .bss.TIM3_CH3_DMA_Flag
                0x20000238        0x5 ./Drivers/DMA/DMA.o
                0x20000238                TIM3_CH3_DMA_Flag
 *fill*         0x2000023d        0x3 
 .bss.TIM3_TRIG_DMA_Flag
                0x20000240        0x5 ./Drivers/DMA/DMA.o
                0x20000240                TIM3_TRIG_DMA_Flag
 *fill*         0x20000245        0x3 
 .bss.TIM4_CH1_DMA_Flag
                0x20000248        0x5 ./Drivers/DMA/DMA.o
                0x20000248                TIM4_CH1_DMA_Flag
 *fill*         0x2000024d        0x3 
 .bss.TIM4_CH2_DMA_Flag
                0x20000250        0x5 ./Drivers/DMA/DMA.o
                0x20000250                TIM4_CH2_DMA_Flag
 *fill*         0x20000255        0x3 
 .bss.TIM4_CH3_DMA_Flag
                0x20000258        0x5 ./Drivers/DMA/DMA.o
                0x20000258                TIM4_CH3_DMA_Flag
 *fill*         0x2000025d        0x3 
 .bss.TIM5_CH2_DMA_Flag
                0x20000260        0x5 ./Drivers/DMA/DMA.o
                0x20000260                TIM5_CH2_DMA_Flag
 *fill*         0x20000265        0x3 
 .bss.TIM5_CH3_DMA_Flag
                0x20000268        0x5 ./Drivers/DMA/DMA.o
                0x20000268                TIM5_CH3_DMA_Flag
 *fill*         0x2000026d        0x3 
 .bss.TIM5_TRIG_DMA_Flag
                0x20000270        0x5 ./Drivers/DMA/DMA.o
                0x20000270                TIM5_TRIG_DMA_Flag
 *fill*         0x20000275        0x3 
 .bss.TIM6_UP_DMA_Flag
                0x20000278        0x5 ./Drivers/DMA/DMA.o
                0x20000278                TIM6_UP_DMA_Flag
 *fill*         0x2000027d        0x3 
 .bss.DAC2_DMA_Flag
                0x20000280        0x5 ./Drivers/DMA/DMA.o
                0x20000280                DAC2_DMA_Flag
 *fill*         0x20000285        0x3 
 .bss.SDIO_RXTX_DMA_Flag
                0x20000288        0x5 ./Drivers/DMA/DMA.o
                0x20000288                SDIO_RXTX_DMA_Flag
 *fill*         0x2000028d        0x3 
 .bss.DCMI_DMA_Flag
                0x20000290        0x5 ./Drivers/DMA/DMA.o
                0x20000290                DCMI_DMA_Flag
 *fill*         0x20000295        0x3 
 .bss.ADC1_DMA_Flag
                0x20000298        0x5 ./Drivers/DMA/DMA.o
                0x20000298                ADC1_DMA_Flag
 *fill*         0x2000029d        0x3 
 .bss.ADC2_DMA_Flag
                0x200002a0        0x5 ./Drivers/DMA/DMA.o
                0x200002a0                ADC2_DMA_Flag
 *fill*         0x200002a5        0x3 
 .bss.ADC3_DMA_Flag
                0x200002a8        0x5 ./Drivers/DMA/DMA.o
                0x200002a8                ADC3_DMA_Flag
 *fill*         0x200002ad        0x3 
 .bss.DMA1_Stream0_Flag
                0x200002b0        0x5 ./Drivers/DMA/DMA.o
                0x200002b0                DMA1_Stream0_Flag
 *fill*         0x200002b5        0x3 
 .bss.DMA1_Stream1_Flag
                0x200002b8        0x5 ./Drivers/DMA/DMA.o
                0x200002b8                DMA1_Stream1_Flag
 *fill*         0x200002bd        0x3 
 .bss.DMA1_Stream2_Flag
                0x200002c0        0x5 ./Drivers/DMA/DMA.o
                0x200002c0                DMA1_Stream2_Flag
 *fill*         0x200002c5        0x3 
 .bss.DMA1_Stream3_Flag
                0x200002c8        0x5 ./Drivers/DMA/DMA.o
                0x200002c8                DMA1_Stream3_Flag
 *fill*         0x200002cd        0x3 
 .bss.DMA1_Stream4_Flag
                0x200002d0        0x5 ./Drivers/DMA/DMA.o
                0x200002d0                DMA1_Stream4_Flag
 *fill*         0x200002d5        0x3 
 .bss.DMA1_Stream5_Flag
                0x200002d8        0x5 ./Drivers/DMA/DMA.o
                0x200002d8                DMA1_Stream5_Flag
 *fill*         0x200002dd        0x3 
 .bss.DMA1_Stream6_Flag
                0x200002e0        0x5 ./Drivers/DMA/DMA.o
                0x200002e0                DMA1_Stream6_Flag
 *fill*         0x200002e5        0x3 
 .bss.DMA1_Stream7_Flag
                0x200002e8        0x5 ./Drivers/DMA/DMA.o
                0x200002e8                DMA1_Stream7_Flag
 *fill*         0x200002ed        0x3 
 .bss.DMA2_Stream0_Flag
                0x200002f0        0x5 ./Drivers/DMA/DMA.o
                0x200002f0                DMA2_Stream0_Flag
 *fill*         0x200002f5        0x3 
 .bss.DMA2_Stream1_Flag
                0x200002f8        0x5 ./Drivers/DMA/DMA.o
                0x200002f8                DMA2_Stream1_Flag
 *fill*         0x200002fd        0x3 
 .bss.DMA2_Stream2_Flag
                0x20000300        0x5 ./Drivers/DMA/DMA.o
                0x20000300                DMA2_Stream2_Flag
 *fill*         0x20000305        0x3 
 .bss.DMA2_Stream3_Flag
                0x20000308        0x5 ./Drivers/DMA/DMA.o
                0x20000308                DMA2_Stream3_Flag
 *fill*         0x2000030d        0x3 
 .bss.DMA2_Stream4_Flag
                0x20000310        0x5 ./Drivers/DMA/DMA.o
                0x20000310                DMA2_Stream4_Flag
 *fill*         0x20000315        0x3 
 .bss.DMA2_Stream5_Flag
                0x20000318        0x5 ./Drivers/DMA/DMA.o
                0x20000318                DMA2_Stream5_Flag
 *fill*         0x2000031d        0x3 
 .bss.DMA2_Stream6_Flag
                0x20000320        0x5 ./Drivers/DMA/DMA.o
                0x20000320                DMA2_Stream6_Flag
 *fill*         0x20000325        0x3 
 .bss.DMA2_Stream7_Flag
                0x20000328        0x5 ./Drivers/DMA/DMA.o
                0x20000328                DMA2_Stream7_Flag
 *fill*         0x2000032d        0x3 
 .bss.xUSART_RX
                0x20000330      0x150 ./Drivers/USART/USART.o
                0x20000330                xUSART_RX
 .bss.xUSART_TX
                0x20000480      0x150 ./Drivers/USART/USART.o
                0x20000480                xUSART_TX
 .bss.usart_dma_instance_number
                0x200005d0        0x1 ./Drivers/USART/USART.o
                0x200005d0                usart_dma_instance_number
 *fill*         0x200005d1        0x3 
 .bss.joystick_driver_instance
                0x200005d4        0x8 ./Joystick/Joystick_Driver/Joystick_Device_Driver.o
                0x200005d4                joystick_driver_instance
 .bss.Joystick  0x200005dc       0x44 ./Joystick/Joystick_HAL/Joystick_HAL.o
                0x200005dc                Joystick
 .bss.Joystick_Data_Buffer
                0x20000620       0x10 ./Joystick/Joystick_HAL/Joystick_HAL.o
                0x20000620                Joystick_Data_Buffer
 .bss.tick      0x20000630        0x4 ./Src/main.o
                0x20000630                tick
 .bss.Right_Joystick
                0x20000634        0x6 ./Src/main.o
                0x20000634                Right_Joystick
 *fill*         0x2000063a        0x2 
 .bss.__sbrk_heap_end
                0x2000063c        0x4 ./Src/sysmem.o
 .bss.__sf      0x20000640      0x138 D:/ST/STM32CubeIDE_1.13.2/STM32CubeIDE/plugins/com.st.stm32cube.ide.mcu.externaltools.gnu-tools-for-stm32.12.3.rel1.win32_1.0.100.202403111256/tools/bin/../lib/gcc/arm-none-eabi/12.3.1/../../../../arm-none-eabi/lib/thumb/v7e-m+fp/hard\libc_nano.a(libc_a-findfp.o)
                0x20000640                __sf
 .bss.errno     0x20000778        0x4 D:/ST/STM32CubeIDE_1.13.2/STM32CubeIDE/plugins/com.st.stm32cube.ide.mcu.externaltools.gnu-tools-for-stm32.12.3.rel1.win32_1.0.100.202403111256/tools/bin/../lib/gcc/arm-none-eabi/12.3.1/../../../../arm-none-eabi/lib/thumb/v7e-m+fp/hard\libc_nano.a(libc_a-reent.o)
                0x20000778                errno
 .bss.__lock___malloc_recursive_mutex
                0x2000077c        0x1 D:/ST/STM32CubeIDE_1.13.2/STM32CubeIDE/plugins/com.st.stm32cube.ide.mcu.externaltools.gnu-tools-for-stm32.12.3.rel1.win32_1.0.100.202403111256/tools/bin/../lib/gcc/arm-none-eabi/12.3.1/../../../../arm-none-eabi/lib/thumb/v7e-m+fp/hard\libc_nano.a(libc_a-lock.o)
                0x2000077c                __lock___malloc_recursive_mutex
 *fill*         0x2000077d        0x3 
 .bss.__malloc_sbrk_start
                0x20000780        0x4 D:/ST/STM32CubeIDE_1.13.2/STM32CubeIDE/plugins/com.st.stm32cube.ide.mcu.externaltools.gnu-tools-for-stm32.12.3.rel1.win32_1.0.100.202403111256/tools/bin/../lib/gcc/arm-none-eabi/12.3.1/../../../../arm-none-eabi/lib/thumb/v7e-m+fp/hard\libc_nano.a(libc_a-mallocr.o)
                0x20000780                __malloc_sbrk_start
 .bss.__malloc_free_list
                0x20000784        0x4 D:/ST/STM32CubeIDE_1.13.2/STM32CubeIDE/plugins/com.st.stm32cube.ide.mcu.externaltools.gnu-tools-for-stm32.12.3.rel1.win32_1.0.100.202403111256/tools/bin/../lib/gcc/arm-none-eabi/12.3.1/../../../../arm-none-eabi/lib/thumb/v7e-m+fp/hard\libc_nano.a(libc_a-mallocr.o)
                0x20000784                __malloc_free_list
 *(COMMON)
                0x20000788                        . = ALIGN (0x4)
                0x20000788                        _ebss = .
                0x20000788                        __bss_end__ = _ebss

._user_heap_stack
                0x20000788      0x600
                0x20000788                        . = ALIGN (0x8)
                [!provide]                        PROVIDE (end = .)
                0x20000788                        PROVIDE (_end = .)
                0x20000988                        . = (. + _Min_Heap_Size)
 *fill*         0x20000788      0x200 
                0x20000d88                        . = (. + _Min_Stack_Size)
 *fill*         0x20000988      0x400 
                0x20000d88                        . = ALIGN (0x8)

/DISCARD/
 libc.a(*)
 libm.a(*)
 libgcc.a(*)

.ARM.attributes
                0x00000000       0x30
 *(.ARM.attributes)
 .ARM.attributes
                0x00000000       0x22 D:/ST/STM32CubeIDE_1.13.2/STM32CubeIDE/plugins/com.st.stm32cube.ide.mcu.externaltools.gnu-tools-for-stm32.12.3.rel1.win32_1.0.100.202403111256/tools/bin/../lib/gcc/arm-none-eabi/12.3.1/thumb/v7e-m+fp/hard/crti.o
 .ARM.attributes
                0x00000022       0x34 D:/ST/STM32CubeIDE_1.13.2/STM32CubeIDE/plugins/com.st.stm32cube.ide.mcu.externaltools.gnu-tools-for-stm32.12.3.rel1.win32_1.0.100.202403111256/tools/bin/../lib/gcc/arm-none-eabi/12.3.1/thumb/v7e-m+fp/hard/crtbegin.o
 .ARM.attributes
                0x00000056       0x34 ./Drivers/ADC/ADC.o
 .ARM.attributes
                0x0000008a       0x34 ./Drivers/Console/Console.o
 .ARM.attributes
                0x000000be       0x34 ./Drivers/DMA/DMA.o
 .ARM.attributes
                0x000000f2       0x34 ./Drivers/GPIO/GPIO.o
 .ARM.attributes
                0x00000126       0x34 ./Drivers/USART/USART.o
 .ARM.attributes
                0x0000015a       0x34 ./Joystick/Joystick_Driver/Joystick_Device_Driver.o
 .ARM.attributes
                0x0000018e       0x34 ./Joystick/Joystick_HAL/Joystick_HAL.o
 .ARM.attributes
                0x000001c2       0x34 ./Src/main.o
 .ARM.attributes
                0x000001f6       0x34 ./Src/sysmem.o
 .ARM.attributes
                0x0000022a       0x34 ./Src/system_stm32f4xx.o
 .ARM.attributes
                0x0000025e       0x21 ./Startup/startup_stm32f407vgtx.o
 .ARM.attributes
                0x0000027f       0x34 D:/ST/STM32CubeIDE_1.13.2/STM32CubeIDE/plugins/com.st.stm32cube.ide.mcu.externaltools.gnu-tools-for-stm32.12.3.rel1.win32_1.0.100.202403111256/tools/bin/../lib/gcc/arm-none-eabi/12.3.1/../../../../arm-none-eabi/lib/thumb/v7e-m+fp/hard\libc_nano.a(libc_a-findfp.o)
 .ARM.attributes
                0x000002b3       0x34 D:/ST/STM32CubeIDE_1.13.2/STM32CubeIDE/plugins/com.st.stm32cube.ide.mcu.externaltools.gnu-tools-for-stm32.12.3.rel1.win32_1.0.100.202403111256/tools/bin/../lib/gcc/arm-none-eabi/12.3.1/../../../../arm-none-eabi/lib/thumb/v7e-m+fp/hard\libc_nano.a(libc_a-vsprintf.o)
 .ARM.attributes
                0x000002e7       0x34 D:/ST/STM32CubeIDE_1.13.2/STM32CubeIDE/plugins/com.st.stm32cube.ide.mcu.externaltools.gnu-tools-for-stm32.12.3.rel1.win32_1.0.100.202403111256/tools/bin/../lib/gcc/arm-none-eabi/12.3.1/../../../../arm-none-eabi/lib/thumb/v7e-m+fp/hard\libc_nano.a(libc_a-reent.o)
 .ARM.attributes
                0x0000031b       0x34 D:/ST/STM32CubeIDE_1.13.2/STM32CubeIDE/plugins/com.st.stm32cube.ide.mcu.externaltools.gnu-tools-for-stm32.12.3.rel1.win32_1.0.100.202403111256/tools/bin/../lib/gcc/arm-none-eabi/12.3.1/../../../../arm-none-eabi/lib/thumb/v7e-m+fp/hard\libc_nano.a(libc_a-impure.o)
 .ARM.attributes
                0x0000034f       0x34 D:/ST/STM32CubeIDE_1.13.2/STM32CubeIDE/plugins/com.st.stm32cube.ide.mcu.externaltools.gnu-tools-for-stm32.12.3.rel1.win32_1.0.100.202403111256/tools/bin/../lib/gcc/arm-none-eabi/12.3.1/../../../../arm-none-eabi/lib/thumb/v7e-m+fp/hard\libc_nano.a(libc_a-errno.o)
 .ARM.attributes
                0x00000383       0x34 D:/ST/STM32CubeIDE_1.13.2/STM32CubeIDE/plugins/com.st.stm32cube.ide.mcu.externaltools.gnu-tools-for-stm32.12.3.rel1.win32_1.0.100.202403111256/tools/bin/../lib/gcc/arm-none-eabi/12.3.1/../../../../arm-none-eabi/lib/thumb/v7e-m+fp/hard\libc_nano.a(libc_a-init.o)
 .ARM.attributes
                0x000003b7       0x34 D:/ST/STM32CubeIDE_1.13.2/STM32CubeIDE/plugins/com.st.stm32cube.ide.mcu.externaltools.gnu-tools-for-stm32.12.3.rel1.win32_1.0.100.202403111256/tools/bin/../lib/gcc/arm-none-eabi/12.3.1/../../../../arm-none-eabi/lib/thumb/v7e-m+fp/hard\libc_nano.a(libc_a-lock.o)
 .ARM.attributes
                0x000003eb       0x17 D:/ST/STM32CubeIDE_1.13.2/STM32CubeIDE/plugins/com.st.stm32cube.ide.mcu.externaltools.gnu-tools-for-stm32.12.3.rel1.win32_1.0.100.202403111256/tools/bin/../lib/gcc/arm-none-eabi/12.3.1/../../../../arm-none-eabi/lib/thumb/v7e-m+fp/hard\libc_nano.a(libc_a-strlen.o)
 .ARM.attributes
                0x00000402       0x34 D:/ST/STM32CubeIDE_1.13.2/STM32CubeIDE/plugins/com.st.stm32cube.ide.mcu.externaltools.gnu-tools-for-stm32.12.3.rel1.win32_1.0.100.202403111256/tools/bin/../lib/gcc/arm-none-eabi/12.3.1/../../../../arm-none-eabi/lib/thumb/v7e-m+fp/hard\libc_nano.a(libc_a-freer.o)
 .ARM.attributes
                0x00000436       0x34 D:/ST/STM32CubeIDE_1.13.2/STM32CubeIDE/plugins/com.st.stm32cube.ide.mcu.externaltools.gnu-tools-for-stm32.12.3.rel1.win32_1.0.100.202403111256/tools/bin/../lib/gcc/arm-none-eabi/12.3.1/../../../../arm-none-eabi/lib/thumb/v7e-m+fp/hard\libc_nano.a(libc_a-mallocr.o)
 .ARM.attributes
                0x0000046a       0x34 D:/ST/STM32CubeIDE_1.13.2/STM32CubeIDE/plugins/com.st.stm32cube.ide.mcu.externaltools.gnu-tools-for-stm32.12.3.rel1.win32_1.0.100.202403111256/tools/bin/../lib/gcc/arm-none-eabi/12.3.1/../../../../arm-none-eabi/lib/thumb/v7e-m+fp/hard\libc_nano.a(libc_a-mlock.o)
 .ARM.attributes
                0x0000049e       0x34 D:/ST/STM32CubeIDE_1.13.2/STM32CubeIDE/plugins/com.st.stm32cube.ide.mcu.externaltools.gnu-tools-for-stm32.12.3.rel1.win32_1.0.100.202403111256/tools/bin/../lib/gcc/arm-none-eabi/12.3.1/../../../../arm-none-eabi/lib/thumb/v7e-m+fp/hard\libc_nano.a(libc_a-nano-svfprintf.o)
 .ARM.attributes
                0x000004d2       0x34 D:/ST/STM32CubeIDE_1.13.2/STM32CubeIDE/plugins/com.st.stm32cube.ide.mcu.externaltools.gnu-tools-for-stm32.12.3.rel1.win32_1.0.100.202403111256/tools/bin/../lib/gcc/arm-none-eabi/12.3.1/../../../../arm-none-eabi/lib/thumb/v7e-m+fp/hard\libc_nano.a(libc_a-nano-vfprintf_i.o)
 .ARM.attributes
                0x00000506       0x34 D:/ST/STM32CubeIDE_1.13.2/STM32CubeIDE/plugins/com.st.stm32cube.ide.mcu.externaltools.gnu-tools-for-stm32.12.3.rel1.win32_1.0.100.202403111256/tools/bin/../lib/gcc/arm-none-eabi/12.3.1/../../../../arm-none-eabi/lib/thumb/v7e-m+fp/hard\libc_nano.a(libc_a-memmove.o)
 .ARM.attributes
                0x0000053a       0x34 D:/ST/STM32CubeIDE_1.13.2/STM32CubeIDE/plugins/com.st.stm32cube.ide.mcu.externaltools.gnu-tools-for-stm32.12.3.rel1.win32_1.0.100.202403111256/tools/bin/../lib/gcc/arm-none-eabi/12.3.1/../../../../arm-none-eabi/lib/thumb/v7e-m+fp/hard\libc_nano.a(libc_a-sbrkr.o)
 .ARM.attributes
                0x0000056e       0x1c D:/ST/STM32CubeIDE_1.13.2/STM32CubeIDE/plugins/com.st.stm32cube.ide.mcu.externaltools.gnu-tools-for-stm32.12.3.rel1.win32_1.0.100.202403111256/tools/bin/../lib/gcc/arm-none-eabi/12.3.1/../../../../arm-none-eabi/lib/thumb/v7e-m+fp/hard\libc_nano.a(libc_a-memchr.o)
 .ARM.attributes
                0x0000058a       0x34 D:/ST/STM32CubeIDE_1.13.2/STM32CubeIDE/plugins/com.st.stm32cube.ide.mcu.externaltools.gnu-tools-for-stm32.12.3.rel1.win32_1.0.100.202403111256/tools/bin/../lib/gcc/arm-none-eabi/12.3.1/../../../../arm-none-eabi/lib/thumb/v7e-m+fp/hard\libc_nano.a(libc_a-memcpy-stub.o)
 .ARM.attributes
                0x000005be       0x34 D:/ST/STM32CubeIDE_1.13.2/STM32CubeIDE/plugins/com.st.stm32cube.ide.mcu.externaltools.gnu-tools-for-stm32.12.3.rel1.win32_1.0.100.202403111256/tools/bin/../lib/gcc/arm-none-eabi/12.3.1/../../../../arm-none-eabi/lib/thumb/v7e-m+fp/hard\libc_nano.a(libc_a-reallocr.o)
 .ARM.attributes
                0x000005f2       0x34 D:/ST/STM32CubeIDE_1.13.2/STM32CubeIDE/plugins/com.st.stm32cube.ide.mcu.externaltools.gnu-tools-for-stm32.12.3.rel1.win32_1.0.100.202403111256/tools/bin/../lib/gcc/arm-none-eabi/12.3.1/../../../../arm-none-eabi/lib/thumb/v7e-m+fp/hard\libc_nano.a(libc_a-msizer.o)
 .ARM.attributes
                0x00000626       0x34 D:/ST/STM32CubeIDE_1.13.2/STM32CubeIDE/plugins/com.st.stm32cube.ide.mcu.externaltools.gnu-tools-for-stm32.12.3.rel1.win32_1.0.100.202403111256/tools/bin/../lib/gcc/arm-none-eabi/12.3.1/../../../../arm-none-eabi/lib/thumb/v7e-m+fp/hard\libm.a(libm_a-s_ceil.o)
 .ARM.attributes
                0x0000065a       0x22 D:/ST/STM32CubeIDE_1.13.2/STM32CubeIDE/plugins/com.st.stm32cube.ide.mcu.externaltools.gnu-tools-for-stm32.12.3.rel1.win32_1.0.100.202403111256/tools/bin/../lib/gcc/arm-none-eabi/12.3.1/thumb/v7e-m+fp/hard\libgcc.a(_arm_addsubdf3.o)
 .ARM.attributes
                0x0000067c       0x22 D:/ST/STM32CubeIDE_1.13.2/STM32CubeIDE/plugins/com.st.stm32cube.ide.mcu.externaltools.gnu-tools-for-stm32.12.3.rel1.win32_1.0.100.202403111256/tools/bin/../lib/gcc/arm-none-eabi/12.3.1/thumb/v7e-m+fp/hard\libgcc.a(_arm_muldivdf3.o)
 .ARM.attributes
                0x0000069e       0x22 D:/ST/STM32CubeIDE_1.13.2/STM32CubeIDE/plugins/com.st.stm32cube.ide.mcu.externaltools.gnu-tools-for-stm32.12.3.rel1.win32_1.0.100.202403111256/tools/bin/../lib/gcc/arm-none-eabi/12.3.1/thumb/v7e-m+fp/hard\libgcc.a(_arm_cmpdf2.o)
 .ARM.attributes
                0x000006c0       0x22 D:/ST/STM32CubeIDE_1.13.2/STM32CubeIDE/plugins/com.st.stm32cube.ide.mcu.externaltools.gnu-tools-for-stm32.12.3.rel1.win32_1.0.100.202403111256/tools/bin/../lib/gcc/arm-none-eabi/12.3.1/thumb/v7e-m+fp/hard\libgcc.a(_arm_fixdfsi.o)
 .ARM.attributes
                0x000006e2       0x34 D:/ST/STM32CubeIDE_1.13.2/STM32CubeIDE/plugins/com.st.stm32cube.ide.mcu.externaltools.gnu-tools-for-stm32.12.3.rel1.win32_1.0.100.202403111256/tools/bin/../lib/gcc/arm-none-eabi/12.3.1/thumb/v7e-m+fp/hard\libgcc.a(_fixdfdi.o)
 .ARM.attributes
                0x00000716       0x34 D:/ST/STM32CubeIDE_1.13.2/STM32CubeIDE/plugins/com.st.stm32cube.ide.mcu.externaltools.gnu-tools-for-stm32.12.3.rel1.win32_1.0.100.202403111256/tools/bin/../lib/gcc/arm-none-eabi/12.3.1/thumb/v7e-m+fp/hard\libgcc.a(_fixunsdfdi.o)
 .ARM.attributes
                0x0000074a       0x22 D:/ST/STM32CubeIDE_1.13.2/STM32CubeIDE/plugins/com.st.stm32cube.ide.mcu.externaltools.gnu-tools-for-stm32.12.3.rel1.win32_1.0.100.202403111256/tools/bin/../lib/gcc/arm-none-eabi/12.3.1/thumb/v7e-m+fp/hard\libgcc.a(_arm_fixunsdfsi.o)
 .ARM.attributes
                0x0000076c       0x22 D:/ST/STM32CubeIDE_1.13.2/STM32CubeIDE/plugins/com.st.stm32cube.ide.mcu.externaltools.gnu-tools-for-stm32.12.3.rel1.win32_1.0.100.202403111256/tools/bin/../lib/gcc/arm-none-eabi/12.3.1/thumb/v7e-m+fp/hard/crtn.o
OUTPUT(Joystick_Driver.elf elf32-littlearm)
LOAD linker stubs
LOAD D:/ST/STM32CubeIDE_1.13.2/STM32CubeIDE/plugins/com.st.stm32cube.ide.mcu.externaltools.gnu-tools-for-stm32.12.3.rel1.win32_1.0.100.202403111256/tools/bin/../lib/gcc/arm-none-eabi/12.3.1/../../../../arm-none-eabi/lib/thumb/v7e-m+fp/hard\libc.a
LOAD D:/ST/STM32CubeIDE_1.13.2/STM32CubeIDE/plugins/com.st.stm32cube.ide.mcu.externaltools.gnu-tools-for-stm32.12.3.rel1.win32_1.0.100.202403111256/tools/bin/../lib/gcc/arm-none-eabi/12.3.1/../../../../arm-none-eabi/lib/thumb/v7e-m+fp/hard\libm.a
LOAD D:/ST/STM32CubeIDE_1.13.2/STM32CubeIDE/plugins/com.st.stm32cube.ide.mcu.externaltools.gnu-tools-for-stm32.12.3.rel1.win32_1.0.100.202403111256/tools/bin/../lib/gcc/arm-none-eabi/12.3.1/thumb/v7e-m+fp/hard\libgcc.a

.debug_info     0x00000000     0xd36d
 .debug_info    0x00000000     0x1cf7 ./Drivers/ADC/ADC.o
 .debug_info    0x00001cf7     0x183d ./Drivers/Console/Console.o
 .debug_info    0x00003534     0x18eb ./Drivers/DMA/DMA.o
 .debug_info    0x00004e1f      0xe24 ./Drivers/GPIO/GPIO.o
 .debug_info    0x00005c43     0x1db4 ./Drivers/USART/USART.o
 .debug_info    0x000079f7     0x14df ./Joystick/Joystick_Driver/Joystick_Device_Driver.o
 .debug_info    0x00008ed6     0x16e4 ./Joystick/Joystick_HAL/Joystick_HAL.o
 .debug_info    0x0000a5ba     0x2710 ./Src/main.o
 .debug_info    0x0000ccca      0x168 ./Src/sysmem.o
 .debug_info    0x0000ce32      0x50b ./Src/system_stm32f4xx.o
 .debug_info    0x0000d33d       0x30 ./Startup/startup_stm32f407vgtx.o

.debug_abbrev   0x00000000     0x14e6
 .debug_abbrev  0x00000000      0x2d8 ./Drivers/ADC/ADC.o
 .debug_abbrev  0x000002d8      0x25f ./Drivers/Console/Console.o
 .debug_abbrev  0x00000537      0x254 ./Drivers/DMA/DMA.o
 .debug_abbrev  0x0000078b      0x20f ./Drivers/GPIO/GPIO.o
 .debug_abbrev  0x0000099a      0x2b4 ./Drivers/USART/USART.o
 .debug_abbrev  0x00000c4e      0x1d4 ./Joystick/Joystick_Driver/Joystick_Device_Driver.o
 .debug_abbrev  0x00000e22      0x1f2 ./Joystick/Joystick_HAL/Joystick_HAL.o
 .debug_abbrev  0x00001014      0x2d8 ./Src/main.o
 .debug_abbrev  0x000012ec       0xbc ./Src/sysmem.o
 .debug_abbrev  0x000013a8      0x11a ./Src/system_stm32f4xx.o
 .debug_abbrev  0x000014c2       0x24 ./Startup/startup_stm32f407vgtx.o

.debug_aranges  0x00000000      0x350
 .debug_aranges
                0x00000000       0x68 ./Drivers/ADC/ADC.o
 .debug_aranges
                0x00000068       0x30 ./Drivers/Console/Console.o
 .debug_aranges
                0x00000098       0xe0 ./Drivers/DMA/DMA.o
 .debug_aranges
                0x00000178       0x48 ./Drivers/GPIO/GPIO.o
 .debug_aranges
                0x000001c0       0x70 ./Drivers/USART/USART.o
 .debug_aranges
                0x00000230       0x28 ./Joystick/Joystick_Driver/Joystick_Device_Driver.o
 .debug_aranges
                0x00000258       0x30 ./Joystick/Joystick_HAL/Joystick_HAL.o
 .debug_aranges
                0x00000288       0x58 ./Src/main.o
 .debug_aranges
                0x000002e0       0x20 ./Src/sysmem.o
 .debug_aranges
                0x00000300       0x28 ./Src/system_stm32f4xx.o
 .debug_aranges
                0x00000328       0x28 ./Startup/startup_stm32f407vgtx.o

.debug_rnglists
                0x00000000      0x26c
 .debug_rnglists
                0x00000000       0x4f ./Drivers/ADC/ADC.o
 .debug_rnglists
                0x0000004f       0x1f ./Drivers/Console/Console.o
 .debug_rnglists
                0x0000006e       0xb6 ./Drivers/DMA/DMA.o
 .debug_rnglists
                0x00000124       0x35 ./Drivers/GPIO/GPIO.o
 .debug_rnglists
                0x00000159       0x56 ./Drivers/USART/USART.o
 .debug_rnglists
                0x000001af       0x19 ./Joystick/Joystick_Driver/Joystick_Device_Driver.o
 .debug_rnglists
                0x000001c8       0x20 ./Joystick/Joystick_HAL/Joystick_HAL.o
 .debug_rnglists
                0x000001e8       0x3e ./Src/main.o
 .debug_rnglists
                0x00000226       0x13 ./Src/sysmem.o
 .debug_rnglists
                0x00000239       0x1a ./Src/system_stm32f4xx.o
 .debug_rnglists
                0x00000253       0x19 ./Startup/startup_stm32f407vgtx.o

.debug_macro    0x00000000    0x1ac3a
 .debug_macro   0x00000000      0x294 ./Drivers/ADC/ADC.o
 .debug_macro   0x00000294      0xaba ./Drivers/ADC/ADC.o
 .debug_macro   0x00000d4e       0x2f ./Drivers/ADC/ADC.o
 .debug_macro   0x00000d7d       0x22 ./Drivers/ADC/ADC.o
 .debug_macro   0x00000d9f       0x8e ./Drivers/ADC/ADC.o
 .debug_macro   0x00000e2d       0x51 ./Drivers/ADC/ADC.o
 .debug_macro   0x00000e7e      0x103 ./Drivers/ADC/ADC.o
 .debug_macro   0x00000f81       0x6a ./Drivers/ADC/ADC.o
 .debug_macro   0x00000feb      0x1df ./Drivers/ADC/ADC.o
 .debug_macro   0x000011ca       0x1c ./Drivers/ADC/ADC.o
 .debug_macro   0x000011e6       0x22 ./Drivers/ADC/ADC.o
 .debug_macro   0x00001208       0xfb ./Drivers/ADC/ADC.o
 .debug_macro   0x00001303     0x1011 ./Drivers/ADC/ADC.o
 .debug_macro   0x00002314      0x11f ./Drivers/ADC/ADC.o
 .debug_macro   0x00002433    0x15e97 ./Drivers/ADC/ADC.o
 .debug_macro   0x000182ca       0x97 ./Drivers/ADC/ADC.o
 .debug_macro   0x00018361       0x61 ./Drivers/ADC/ADC.o
 .debug_macro   0x000183c2       0x2a ./Drivers/ADC/ADC.o
 .debug_macro   0x000183ec       0x43 ./Drivers/ADC/ADC.o
 .debug_macro   0x0001842f       0x34 ./Drivers/ADC/ADC.o
 .debug_macro   0x00018463       0x16 ./Drivers/ADC/ADC.o
 .debug_macro   0x00018479       0x9e ./Drivers/ADC/ADC.o
 .debug_macro   0x00018517      0x369 ./Drivers/ADC/ADC.o
 .debug_macro   0x00018880      0x10b ./Drivers/ADC/ADC.o
 .debug_macro   0x0001898b       0x10 ./Drivers/ADC/ADC.o
 .debug_macro   0x0001899b       0x16 ./Drivers/ADC/ADC.o
 .debug_macro   0x000189b1       0x43 ./Drivers/ADC/ADC.o
 .debug_macro   0x000189f4       0x34 ./Drivers/ADC/ADC.o
 .debug_macro   0x00018a28       0x10 ./Drivers/ADC/ADC.o
 .debug_macro   0x00018a38       0x58 ./Drivers/ADC/ADC.o
 .debug_macro   0x00018a90       0x8e ./Drivers/ADC/ADC.o
 .debug_macro   0x00018b1e       0x1c ./Drivers/ADC/ADC.o
 .debug_macro   0x00018b3a      0x177 ./Drivers/ADC/ADC.o
 .debug_macro   0x00018cb1       0x16 ./Drivers/ADC/ADC.o
 .debug_macro   0x00018cc7       0x16 ./Drivers/ADC/ADC.o
 .debug_macro   0x00018cdd      0x146 ./Drivers/ADC/ADC.o
 .debug_macro   0x00018e23      0x19b ./Drivers/ADC/ADC.o
 .debug_macro   0x00018fbe       0x10 ./Drivers/ADC/ADC.o
 .debug_macro   0x00018fce       0x35 ./Drivers/ADC/ADC.o
 .debug_macro   0x00019003      0x460 ./Drivers/ADC/ADC.o
 .debug_macro   0x00019463       0x16 ./Drivers/ADC/ADC.o
 .debug_macro   0x00019479       0x20 ./Drivers/ADC/ADC.o
 .debug_macro   0x00019499       0x16 ./Drivers/ADC/ADC.o
 .debug_macro   0x000194af       0x16 ./Drivers/ADC/ADC.o
 .debug_macro   0x000194c5       0x29 ./Drivers/ADC/ADC.o
 .debug_macro   0x000194ee       0x4c ./Drivers/ADC/ADC.o
 .debug_macro   0x0001953a       0x22 ./Drivers/ADC/ADC.o
 .debug_macro   0x0001955c       0x10 ./Drivers/ADC/ADC.o
 .debug_macro   0x0001956c      0x29a ./Drivers/Console/Console.o
 .debug_macro   0x00019806      0x268 ./Drivers/DMA/DMA.o
 .debug_macro   0x00019a6e      0x268 ./Drivers/GPIO/GPIO.o
 .debug_macro   0x00019cd6      0x290 ./Drivers/USART/USART.o
 .debug_macro   0x00019f66      0x2ae ./Joystick/Joystick_Driver/Joystick_Device_Driver.o
 .debug_macro   0x0001a214      0x2aa ./Joystick/Joystick_HAL/Joystick_HAL.o
 .debug_macro   0x0001a4be      0x2cc ./Src/main.o
 .debug_macro   0x0001a78a       0xff ./Src/sysmem.o
 .debug_macro   0x0001a889      0x23c ./Src/sysmem.o
 .debug_macro   0x0001aac5       0xda ./Src/system_stm32f4xx.o
 .debug_macro   0x0001ab9f       0x2e ./Src/system_stm32f4xx.o
 .debug_macro   0x0001abcd       0x6d ./Src/system_stm32f4xx.o

.debug_line     0x00000000     0x79c9
 .debug_line    0x00000000     0x120d ./Drivers/ADC/ADC.o
 .debug_line    0x0000120d      0x80c ./Drivers/Console/Console.o
 .debug_line    0x00001a19     0x156d ./Drivers/DMA/DMA.o
 .debug_line    0x00002f86      0x8e0 ./Drivers/GPIO/GPIO.o
 .debug_line    0x00003866     0x1971 ./Drivers/USART/USART.o
 .debug_line    0x000051d7      0x834 ./Joystick/Joystick_Driver/Joystick_Device_Driver.o
 .debug_line    0x00005a0b      0x998 ./Joystick/Joystick_HAL/Joystick_HAL.o
 .debug_line    0x000063a3      0xaf4 ./Src/main.o
 .debug_line    0x00006e97      0x57e ./Src/sysmem.o
 .debug_line    0x00007415      0x539 ./Src/system_stm32f4xx.o
 .debug_line    0x0000794e       0x7b ./Startup/startup_stm32f407vgtx.o

.debug_str      0x00000000    0x90588
 .debug_str     0x00000000    0x8e79d ./Drivers/ADC/ADC.o
                              0x8eaa6 (size before relaxing)
 .debug_str     0x0008e79d      0x4b8 ./Drivers/Console/Console.o
                              0x8e632 (size before relaxing)
 .debug_str     0x0008ec55      0xe4d ./Drivers/DMA/DMA.o
                              0x8eeb3 (size before relaxing)
 .debug_str     0x0008faa2      0x106 ./Drivers/GPIO/GPIO.o
                              0x8e38f (size before relaxing)
 .debug_str     0x0008fba8      0x144 ./Drivers/USART/USART.o
                              0x8ea6e (size before relaxing)
 .debug_str     0x0008fcec      0x18a ./Joystick/Joystick_Driver/Joystick_Device_Driver.o
                              0x8e77a (size before relaxing)
 .debug_str     0x0008fe76       0x6b ./Joystick/Joystick_HAL/Joystick_HAL.o
                              0x8e86b (size before relaxing)
 .debug_str     0x0008fee1      0x102 ./Src/main.o
                              0x8f290 (size before relaxing)
 .debug_str     0x0008ffe3      0x4d7 ./Src/sysmem.o
                               0x60c3 (size before relaxing)
 .debug_str     0x000904ba       0x8f ./Src/system_stm32f4xx.o
                              0x88591 (size before relaxing)
 .debug_str     0x00090549       0x3f ./Startup/startup_stm32f407vgtx.o
                                 0x73 (size before relaxing)

.comment        0x00000000       0x43
 .comment       0x00000000       0x43 ./Drivers/ADC/ADC.o
                                 0x44 (size before relaxing)
 .comment       0x00000043       0x44 ./Drivers/Console/Console.o
 .comment       0x00000043       0x44 ./Drivers/DMA/DMA.o
 .comment       0x00000043       0x44 ./Drivers/GPIO/GPIO.o
 .comment       0x00000043       0x44 ./Drivers/USART/USART.o
 .comment       0x00000043       0x44 ./Joystick/Joystick_Driver/Joystick_Device_Driver.o
 .comment       0x00000043       0x44 ./Joystick/Joystick_HAL/Joystick_HAL.o
 .comment       0x00000043       0x44 ./Src/main.o
 .comment       0x00000043       0x44 ./Src/sysmem.o
 .comment       0x00000043       0x44 ./Src/system_stm32f4xx.o

.debug_frame    0x00000000     0x12d4
 .debug_frame   0x00000000      0x194 ./Drivers/ADC/ADC.o
 .debug_frame   0x00000194       0xa8 ./Drivers/Console/Console.o
 .debug_frame   0x0000023c      0x378 ./Drivers/DMA/DMA.o
 .debug_frame   0x000005b4       0xf8 ./Drivers/GPIO/GPIO.o
 .debug_frame   0x000006ac      0x1c8 ./Drivers/USART/USART.o
 .debug_frame   0x00000874       0x58 ./Joystick/Joystick_Driver/Joystick_Device_Driver.o
 .debug_frame   0x000008cc       0x84 ./Joystick/Joystick_HAL/Joystick_HAL.o
 .debug_frame   0x00000950      0x128 ./Src/main.o
 .debug_frame   0x00000a78       0x34 ./Src/sysmem.o
 .debug_frame   0x00000aac       0x58 ./Src/system_stm32f4xx.o
 .debug_frame   0x00000b04      0x144 D:/ST/STM32CubeIDE_1.13.2/STM32CubeIDE/plugins/com.st.stm32cube.ide.mcu.externaltools.gnu-tools-for-stm32.12.3.rel1.win32_1.0.100.202403111256/tools/bin/../lib/gcc/arm-none-eabi/12.3.1/../../../../arm-none-eabi/lib/thumb/v7e-m+fp/hard\libc_nano.a(libc_a-findfp.o)
 .debug_frame   0x00000c48       0x3c D:/ST/STM32CubeIDE_1.13.2/STM32CubeIDE/plugins/com.st.stm32cube.ide.mcu.externaltools.gnu-tools-for-stm32.12.3.rel1.win32_1.0.100.202403111256/tools/bin/../lib/gcc/arm-none-eabi/12.3.1/../../../../arm-none-eabi/lib/thumb/v7e-m+fp/hard\libc_nano.a(libc_a-vsprintf.o)
 .debug_frame   0x00000c84       0x38 D:/ST/STM32CubeIDE_1.13.2/STM32CubeIDE/plugins/com.st.stm32cube.ide.mcu.externaltools.gnu-tools-for-stm32.12.3.rel1.win32_1.0.100.202403111256/tools/bin/../lib/gcc/arm-none-eabi/12.3.1/../../../../arm-none-eabi/lib/thumb/v7e-m+fp/hard\libc_nano.a(libc_a-reent.o)
 .debug_frame   0x00000cbc       0x20 D:/ST/STM32CubeIDE_1.13.2/STM32CubeIDE/plugins/com.st.stm32cube.ide.mcu.externaltools.gnu-tools-for-stm32.12.3.rel1.win32_1.0.100.202403111256/tools/bin/../lib/gcc/arm-none-eabi/12.3.1/../../../../arm-none-eabi/lib/thumb/v7e-m+fp/hard\libc_nano.a(libc_a-errno.o)
 .debug_frame   0x00000cdc       0x2c D:/ST/STM32CubeIDE_1.13.2/STM32CubeIDE/plugins/com.st.stm32cube.ide.mcu.externaltools.gnu-tools-for-stm32.12.3.rel1.win32_1.0.100.202403111256/tools/bin/../lib/gcc/arm-none-eabi/12.3.1/../../../../arm-none-eabi/lib/thumb/v7e-m+fp/hard\libc_nano.a(libc_a-init.o)
 .debug_frame   0x00000d08       0xb0 D:/ST/STM32CubeIDE_1.13.2/STM32CubeIDE/plugins/com.st.stm32cube.ide.mcu.externaltools.gnu-tools-for-stm32.12.3.rel1.win32_1.0.100.202403111256/tools/bin/../lib/gcc/arm-none-eabi/12.3.1/../../../../arm-none-eabi/lib/thumb/v7e-m+fp/hard\libc_nano.a(libc_a-lock.o)
 .debug_frame   0x00000db8       0x38 D:/ST/STM32CubeIDE_1.13.2/STM32CubeIDE/plugins/com.st.stm32cube.ide.mcu.externaltools.gnu-tools-for-stm32.12.3.rel1.win32_1.0.100.202403111256/tools/bin/../lib/gcc/arm-none-eabi/12.3.1/../../../../arm-none-eabi/lib/thumb/v7e-m+fp/hard\libc_nano.a(libc_a-freer.o)
 .debug_frame   0x00000df0       0x50 D:/ST/STM32CubeIDE_1.13.2/STM32CubeIDE/plugins/com.st.stm32cube.ide.mcu.externaltools.gnu-tools-for-stm32.12.3.rel1.win32_1.0.100.202403111256/tools/bin/../lib/gcc/arm-none-eabi/12.3.1/../../../../arm-none-eabi/lib/thumb/v7e-m+fp/hard\libc_nano.a(libc_a-mallocr.o)
 .debug_frame   0x00000e40       0x30 D:/ST/STM32CubeIDE_1.13.2/STM32CubeIDE/plugins/com.st.stm32cube.ide.mcu.externaltools.gnu-tools-for-stm32.12.3.rel1.win32_1.0.100.202403111256/tools/bin/../lib/gcc/arm-none-eabi/12.3.1/../../../../arm-none-eabi/lib/thumb/v7e-m+fp/hard\libc_nano.a(libc_a-mlock.o)
 .debug_frame   0x00000e70       0x90 D:/ST/STM32CubeIDE_1.13.2/STM32CubeIDE/plugins/com.st.stm32cube.ide.mcu.externaltools.gnu-tools-for-stm32.12.3.rel1.win32_1.0.100.202403111256/tools/bin/../lib/gcc/arm-none-eabi/12.3.1/../../../../arm-none-eabi/lib/thumb/v7e-m+fp/hard\libc_nano.a(libc_a-nano-svfprintf.o)
 .debug_frame   0x00000f00       0x60 D:/ST/STM32CubeIDE_1.13.2/STM32CubeIDE/plugins/com.st.stm32cube.ide.mcu.externaltools.gnu-tools-for-stm32.12.3.rel1.win32_1.0.100.202403111256/tools/bin/../lib/gcc/arm-none-eabi/12.3.1/../../../../arm-none-eabi/lib/thumb/v7e-m+fp/hard\libc_nano.a(libc_a-nano-vfprintf_i.o)
 .debug_frame   0x00000f60       0x28 D:/ST/STM32CubeIDE_1.13.2/STM32CubeIDE/plugins/com.st.stm32cube.ide.mcu.externaltools.gnu-tools-for-stm32.12.3.rel1.win32_1.0.100.202403111256/tools/bin/../lib/gcc/arm-none-eabi/12.3.1/../../../../arm-none-eabi/lib/thumb/v7e-m+fp/hard\libc_nano.a(libc_a-memmove.o)
 .debug_frame   0x00000f88       0x2c D:/ST/STM32CubeIDE_1.13.2/STM32CubeIDE/plugins/com.st.stm32cube.ide.mcu.externaltools.gnu-tools-for-stm32.12.3.rel1.win32_1.0.100.202403111256/tools/bin/../lib/gcc/arm-none-eabi/12.3.1/../../../../arm-none-eabi/lib/thumb/v7e-m+fp/hard\libc_nano.a(libc_a-sbrkr.o)
 .debug_frame   0x00000fb4       0x28 D:/ST/STM32CubeIDE_1.13.2/STM32CubeIDE/plugins/com.st.stm32cube.ide.mcu.externaltools.gnu-tools-for-stm32.12.3.rel1.win32_1.0.100.202403111256/tools/bin/../lib/gcc/arm-none-eabi/12.3.1/../../../../arm-none-eabi/lib/thumb/v7e-m+fp/hard\libc_nano.a(libc_a-memcpy-stub.o)
 .debug_frame   0x00000fdc       0x3c D:/ST/STM32CubeIDE_1.13.2/STM32CubeIDE/plugins/com.st.stm32cube.ide.mcu.externaltools.gnu-tools-for-stm32.12.3.rel1.win32_1.0.100.202403111256/tools/bin/../lib/gcc/arm-none-eabi/12.3.1/../../../../arm-none-eabi/lib/thumb/v7e-m+fp/hard\libc_nano.a(libc_a-reallocr.o)
 .debug_frame   0x00001018       0x20 D:/ST/STM32CubeIDE_1.13.2/STM32CubeIDE/plugins/com.st.stm32cube.ide.mcu.externaltools.gnu-tools-for-stm32.12.3.rel1.win32_1.0.100.202403111256/tools/bin/../lib/gcc/arm-none-eabi/12.3.1/../../../../arm-none-eabi/lib/thumb/v7e-m+fp/hard\libc_nano.a(libc_a-msizer.o)
 .debug_frame   0x00001038       0x30 D:/ST/STM32CubeIDE_1.13.2/STM32CubeIDE/plugins/com.st.stm32cube.ide.mcu.externaltools.gnu-tools-for-stm32.12.3.rel1.win32_1.0.100.202403111256/tools/bin/../lib/gcc/arm-none-eabi/12.3.1/../../../../arm-none-eabi/lib/thumb/v7e-m+fp/hard\libm.a(libm_a-s_ceil.o)
 .debug_frame   0x00001068       0xac D:/ST/STM32CubeIDE_1.13.2/STM32CubeIDE/plugins/com.st.stm32cube.ide.mcu.externaltools.gnu-tools-for-stm32.12.3.rel1.win32_1.0.100.202403111256/tools/bin/../lib/gcc/arm-none-eabi/12.3.1/thumb/v7e-m+fp/hard\libgcc.a(_arm_addsubdf3.o)
 .debug_frame   0x00001114       0x50 D:/ST/STM32CubeIDE_1.13.2/STM32CubeIDE/plugins/com.st.stm32cube.ide.mcu.externaltools.gnu-tools-for-stm32.12.3.rel1.win32_1.0.100.202403111256/tools/bin/../lib/gcc/arm-none-eabi/12.3.1/thumb/v7e-m+fp/hard\libgcc.a(_arm_muldivdf3.o)
 .debug_frame   0x00001164       0xc4 D:/ST/STM32CubeIDE_1.13.2/STM32CubeIDE/plugins/com.st.stm32cube.ide.mcu.externaltools.gnu-tools-for-stm32.12.3.rel1.win32_1.0.100.202403111256/tools/bin/../lib/gcc/arm-none-eabi/12.3.1/thumb/v7e-m+fp/hard\libgcc.a(_arm_cmpdf2.o)
 .debug_frame   0x00001228       0x24 D:/ST/STM32CubeIDE_1.13.2/STM32CubeIDE/plugins/com.st.stm32cube.ide.mcu.externaltools.gnu-tools-for-stm32.12.3.rel1.win32_1.0.100.202403111256/tools/bin/../lib/gcc/arm-none-eabi/12.3.1/thumb/v7e-m+fp/hard\libgcc.a(_arm_fixdfsi.o)
 .debug_frame   0x0000124c       0x38 D:/ST/STM32CubeIDE_1.13.2/STM32CubeIDE/plugins/com.st.stm32cube.ide.mcu.externaltools.gnu-tools-for-stm32.12.3.rel1.win32_1.0.100.202403111256/tools/bin/../lib/gcc/arm-none-eabi/12.3.1/thumb/v7e-m+fp/hard\libgcc.a(_fixdfdi.o)
 .debug_frame   0x00001284       0x2c D:/ST/STM32CubeIDE_1.13.2/STM32CubeIDE/plugins/com.st.stm32cube.ide.mcu.externaltools.gnu-tools-for-stm32.12.3.rel1.win32_1.0.100.202403111256/tools/bin/../lib/gcc/arm-none-eabi/12.3.1/thumb/v7e-m+fp/hard\libgcc.a(_fixunsdfdi.o)
 .debug_frame   0x000012b0       0x24 D:/ST/STM32CubeIDE_1.13.2/STM32CubeIDE/plugins/com.st.stm32cube.ide.mcu.externaltools.gnu-tools-for-stm32.12.3.rel1.win32_1.0.100.202403111256/tools/bin/../lib/gcc/arm-none-eabi/12.3.1/thumb/v7e-m+fp/hard\libgcc.a(_arm_fixunsdfsi.o)

.debug_line_str
                0x00000000       0x57
 .debug_line_str
                0x00000000       0x57 ./Startup/startup_stm32f407vgtx.o
