../Inc/core_cm4.h:1684:22:__NVIC_EnableIRQ	16	static,ignoring_inline_asm
../DMA/DMA.c:30:6:DMA1_Stream0_IRQHandler	4	static
../DMA/DMA.c:63:6:DMA1_Stream1_IRQHandler	4	static
../DMA/DMA.c:96:6:DMA1_Stream2_IRQHandler	4	static
../DMA/DMA.c:129:6:DMA1_Stream3_IRQHandler	4	static
../DMA/DMA.c:162:6:DMA1_Stream4_IRQHandler	4	static
../DMA/DMA.c:195:6:DMA1_Stream5_IRQHandler	4	static
../DMA/DMA.c:228:6:DMA1_Stream6_IRQHandler	4	static
../DMA/DMA.c:261:6:DMA1_Stream7_IRQHandler	4	static
../DMA/DMA.c:295:6:DMA2_Stream0_IRQHandler	4	static
../DMA/DMA.c:328:6:DMA2_Stream1_IRQHandler	4	static
../DMA/DMA.c:361:6:DMA2_Stream2_IRQHandler	4	static
../DMA/DMA.c:394:6:DMA2_Stream3_IRQHandler	4	static
../DMA/DMA.c:427:6:DMA2_Stream4_IRQHandler	4	static
../DMA/DMA.c:460:6:DMA2_Stream5_IRQHandler	4	static
../DMA/DMA.c:493:6:DMA2_Stream6_IRQHandler	4	static
../DMA/DMA.c:526:6:DMA2_Stream7_IRQHandler	4	static
../DMA/DMA.c:559:6:DMA_Reset_Flags	16	static
../DMA/DMA.c:569:6:DMA_Clock_Enable	16	static
../DMA/DMA.c:576:6:DMA_Clock_Disable	16	static
../DMA/DMA.c:584:6:DMA_Reset	16	static
../DMA/DMA.c:590:8:DMA_Init	16	static
../DMA/DMA.c:655:6:DMA_Set_Target	16	static
../DMA/DMA.c:667:6:DMA_Set_Trigger	32	static
../DMA/DMA.c:705:6:DMA_Memory_To_Memory_Transfer	24	static
