../Inc/core_cm4.h:1684:22:__NVIC_EnableIRQ	16	static,ignoring_inline_asm
../Inc/core_cm4.h:1814:22:__NVIC_SetPriority	16	static
../Inc/core_cm4.h:2022:26:SysTick_Config	16	static
B:/STM32F407V_Firmware_C_Lang/Joystick_Driver/GPIO/GPIO.h:62:23:GPIO_Pin_Low	16	static
B:/STM32F407V_Firmware_C_Lang/Joystick_Driver/GPIO/GPIO.h:104:23:GPIO_Pin_High	16	static
../Inc/main.h:51:22:MCU_Clock_Setup	16	static
../Inc/main.h:113:26:Delay_Config	4	static
../Src/main.c:15:6:TIM6_DAC_IRQHandler	8	static
../Src/main.c:25:6:General_Timer_Update_Init	8	static
../Src/main.c:39:5:main	32	static
